Microchip MPLAB XC8 Compiler V2.46

Linker command line:

-W-3 \
  --edf=C:\Program Files\Microchip\xc8\v2.46\pic\dat\20240104201356_en.msgs \
  -cn -h+dist/default/production\Assignment9P1.production.sym \
  --cmf=dist/default/production\Assignment9P1.production.cmf -z -Q18F47K42 \
  -oC:\Users\James\AppData\Local\Temp\xcAssh0.\driver_tmp_3.o \
  --defsym=__MPLAB_BUILD=1 --fixupoverflow=error \
  -Mdist/default/production/Assignment9P1.production.map \
  --md=C:\Users\James\AppData\Local\Temp\xcAssh0.\driver_tmp_0.dat -E1 \
  -ver=XC8 Compiler --acfsm=1493 -ACODE=00h-01FFFFh -ACONST=00h-01FFFFh \
  -ASMALLCONST=02000h-020FFhx480 \
  -AMEDIUMCONST=02000h-0FFFFh,012000h-01FFFFh -ACOMRAM=01h-05Fh \
  -AABS1=00h-01FFFh -ABIGRAM=01h-01FFFh -ARAM=060h-0FFh,0100h-01FFhx31 \
  -ABANK0=060h-0FFh -ABANK1=0100h-01FFh -ABANK2=0200h-02FFh \
  -ABANK3=0300h-03FFh -ABANK4=0400h-04FFh -ABANK5=0500h-05FFh \
  -ABANK6=0600h-06FFh -ABANK7=0700h-07FFh -ABANK8=0800h-08FFh \
  -ABANK9=0900h-09FFh -ABANK10=0A00h-0AFFh -ABANK11=0B00h-0BFFh \
  -ABANK12=0C00h-0CFFh -ABANK13=0D00h-0DFFh -ABANK14=0E00h-0EFFh \
  -ABANK15=0F00h-0FFFh -ABANK16=01000h-010FFh -ABANK17=01100h-011FFh \
  -ABANK18=01200h-012FFh -ABANK19=01300h-013FFh -ABANK20=01400h-014FFh \
  -ABANK21=01500h-015FFh -ABANK22=01600h-016FFh -ABANK23=01700h-017FFh \
  -ABANK24=01800h-018FFh -ABANK25=01900h-019FFh -ABANK26=01A00h-01AFFh \
  -ABANK27=01B00h-01BFFh -ABANK28=01C00h-01CFFh -ABANK29=01D00h-01DFFh \
  -ABANK30=01E00h-01EFFh -ABANK31=01F00h-01FFFh \
  -ASFR=03800h-038FFhx7,03F00h-03F5Fh,03F60h-03FFFh -ABIGSFR=03800h-03FFFh \
  -ACONFIG=0300000h-0300009h -AIDLOC=0200000h-020000Fh \
  -AEEDATA=0310000h-03103FFh -peeprom_data=EEDATA -preset_vec=00h \
  -ppowerup=CODE,init -pramtop=02000h -psmallconst=SMALLCONST \
  -pmediumconst=MEDIUMCONST -pconst=CONST -AFARRAM=00h-00h \
  -prdata=COMRAM,nvrram=COMRAM,nvbit=COMRAM,rbss=COMRAM,rbit=COMRAM \
  -pfarbss=FARRAM,fardata=FARRAM,nvFARRAM=FARRAM \
  -pintsave_regs=BIGRAM,bigbss=BIGRAM,bigdata=BIGRAM -pbss=RAM \
  -pidata=CODE,irdata=CODE,ibigdata=CODE,ifardata=CODE -prparam=COMRAM \
  C:\Users\James\AppData\Local\Temp\xcAssh0.\driver_tmp_14.o \
  dist/default/production\Assignment9P1.production.o 

Object code version is 3.11

Machine type is 18F47K42



                Name                               Link     Load   Length Selector   Space Scale
C:\Users\James\AppData\Local\Temp\xcAssh0.\driver_tmp_14.o
                config                           300000   300000        A        0       4
                init                              1FFFC    1FFFC        4     FFFE       0
                reset_vec                             0        0        4        0       0
dist/default/production\Assignment9P1.production.o
                config                           300000   300000        A        0       4
                smallconst                         2000     2000       20     1000       0
                text22                             3A3C     3A3C       38     1010       0
                text21                             3972     3972       4A     1010       0
                text20                             3B4A     3B4A       1E     1010       0
                text19                             3ADC     3ADC       2E     1010       0
                text18                             3B2C     3B2C       1E     1010       0
                text17                             38A2     38A2       72     1010       0
                text16                             39FC     39FC       40     1010       0
                text15                             2020     2020      4C0     1010       0
                text14                             2D66     2D66      39A     1010       0
                text13                             357E     357E      104     1010       0
                text12                             24E0     24E0      44E     1010       0
                text11                             3478     3478      106     1010       0
                text10                             32C4     32C4      1B4     1010       0
                text9                              3682     3682       C4     1010       0
                text8                              3746     3746       B0     1010       0
                text7                              3AA8     3AA8       34     1010       0
                text6                              3B68     3B68        2     1010       0
                text5                              37F6     37F6       AC     1010       0
                text4                              3100     3100      1C4     1010       0
                text3                              39BC     39BC       40     1010       0
                text2                              3A74     3A74       34     1010       0
                text1                              3914     3914       5E     1010       0
                text0                              292E     292E      438     1010       0
                cstackCOMRAM                          1        1       45        1       1
                bssBANK0                             60       60       2A       60       1
                bssCOMRAM                            46       46       11        1       1
                cinit                              3B0A     3B0A       22     1010       0

TOTAL           Name                               Link     Load   Length     Space
        CLASS   CODE           
                init                              1FFFC    1FFFC        4         0
                reset_vec                             0        0        4         0
                text22                             3A3C     3A3C       38         0
                text21                             3972     3972       4A         0
                text20                             3B4A     3B4A       1E         0
                text19                             3ADC     3ADC       2E         0
                text18                             3B2C     3B2C       1E         0
                text17                             38A2     38A2       72         0
                text16                             39FC     39FC       40         0
                text15                             2020     2020      4C0         0
                text14                             2D66     2D66      39A         0
                text13                             357E     357E      104         0
                text12                             24E0     24E0      44E         0
                text11                             3478     3478      106         0
                text10                             32C4     32C4      1B4         0
                text9                              3682     3682       C4         0
                text8                              3746     3746       B0         0
                text7                              3AA8     3AA8       34         0
                text6                              3B68     3B68        2         0
                text5                              37F6     37F6       AC         0
                text4                              3100     3100      1C4         0
                text3                              39BC     39BC       40         0
                text2                              3A74     3A74       34         0
                text1                              3914     3914       5E         0
                text0                              292E     292E      438         0
                cinit                              3B0A     3B0A       22         0

        CLASS   CONST          

        CLASS   SMALLCONST     
                smallconst                         2000     2000       20         0

        CLASS   MEDIUMCONST    

        CLASS   COMRAM         
                cstackCOMRAM                          1        1       45         1
                bssCOMRAM                            46       46       11         1

        CLASS   ABS1           

        CLASS   BIGRAM         

        CLASS   RAM            

        CLASS   BANK0          
                bssBANK0                             60       60       2A         1

        CLASS   BANK1          

        CLASS   BANK2          

        CLASS   BANK3          

        CLASS   BANK4          

        CLASS   BANK5          

        CLASS   BANK6          

        CLASS   BANK7          

        CLASS   BANK8          

        CLASS   BANK9          

        CLASS   BANK10         

        CLASS   BANK11         

        CLASS   BANK12         

        CLASS   BANK13         

        CLASS   BANK14         

        CLASS   BANK15         

        CLASS   BANK16         

        CLASS   BANK17         

        CLASS   BANK18         

        CLASS   BANK19         

        CLASS   BANK20         

        CLASS   BANK21         

        CLASS   BANK22         

        CLASS   BANK23         

        CLASS   BANK24         

        CLASS   BANK25         

        CLASS   BANK26         

        CLASS   BANK27         

        CLASS   BANK28         

        CLASS   BANK29         

        CLASS   BANK30         

        CLASS   BANK31         

        CLASS   SFR            

        CLASS   BIGSFR         

        CLASS   CONFIG         
                config                           300000   300000        A         4

        CLASS   IDLOC          

        CLASS   EEDATA         

        CLASS   FARRAM         

        CLASS   HEAP           

        CLASS   STACK          



SEGMENTS        Name                           Load    Length   Top    Selector   Space  Class

                reset_vec                      000000  000004  000004         0       0  CODE    
                cstackCOMRAM                   000001  000056  000057         1       1  COMRAM  
                bssBANK0                       000060  00002A  00008A        60       1  BANK0   
                smallconst                     002000  000020  002020      1000       0  SMALLCON
                text15                         002020  001B4A  003B6A      1010       0  CODE    
                init                           01FFFC  000004  020000      FFFE       0  CODE    


UNUSED ADDRESS RANGES

        Name                Unused          Largest block    Delta
        BANK0            00008A-0000FF               76
        BANK1            000100-0001FF              100
        BANK10           000A00-000AFF              100
        BANK11           000B00-000BFF              100
        BANK12           000C00-000CFF              100
        BANK13           000D00-000DFF              100
        BANK14           000E00-000EFF              100
        BANK15           000F00-000FFF              100
        BANK16           001000-0010FF              100
        BANK17           001100-0011FF              100
        BANK18           001200-0012FF              100
        BANK19           001300-0013FF              100
        BANK2            000200-0002FF              100
        BANK20           001400-0014FF              100
        BANK21           001500-0015FF              100
        BANK22           001600-0016FF              100
        BANK23           001700-0017FF              100
        BANK24           001800-0018FF              100
        BANK25           001900-0019FF              100
        BANK26           001A00-001AFF              100
        BANK27           001B00-001BFF              100
        BANK28           001C00-001CFF              100
        BANK29           001D00-001DFF              100
        BANK3            000300-0003FF              100
        BANK30           001E00-001EFF              100
        BANK31           001F00-001FFF              100
        BANK4            000400-0004FF              100
        BANK5            000500-0005FF              100
        BANK6            000600-0006FF              100
        BANK7            000700-0007FF              100
        BANK8            000800-0008FF              100
        BANK9            000900-0009FF              100
        BIGRAM           000057-00005F                9
                         00008A-001FFF             1F76
        BIGSFR           003800-003FFF              800
        CODE             000004-001FFF             1FFC
                         003B6A-01FFFB            1C492
        COMRAM           000057-00005F                9
        CONST            000004-001FFF             1FFC
                         003B6A-01FFFB            1C492
        EEDATA           310000-3103FF              400
        IDLOC            200000-20000F               10
        MEDIUMCONST      003B6A-00FFFF             C496
                         012000-01FFFB             DFFC
        RAM              00008A-001FFF              100
        SFR              003800-003FFF              100
        SMALLCONST       003B6A-01FFFB              100

                                  Symbol Table

?___awdiv                cstackCOMRAM 000001
?___awmod                cstackCOMRAM 000001
?___fladd                cstackCOMRAM 000028
?___fldiv                cstackCOMRAM 000001
?___flmul                cstackCOMRAM 00000F
?___fltol                cstackCOMRAM 000038
?___xxtofl               cstackCOMRAM 000001
?_abs                    cstackCOMRAM 000007
?_sprintf                cstackCOMRAM 00001A
?_vfprintf               cstackCOMRAM 000016
LCD_Char@dat             cstackCOMRAM 000007
LCD_Command@cmd          cstackCOMRAM 000007
LCD_String@msg           cstackCOMRAM 000008
LCD_String_xy@location   cstackCOMRAM 00000E
LCD_String_xy@msg        cstackCOMRAM 00000B
LCD_String_xy@pos        cstackCOMRAM 00000A
LCD_String_xy@row        cstackCOMRAM 00000D
MSdelay@i                cstackCOMRAM 000003
MSdelay@j                cstackCOMRAM 000005
MSdelay@val              cstackCOMRAM 000001
_ADACQL                  (abs)        003EF3
_ADCLKbits               (abs)        003EFF
_ADCON0bits              (abs)        003EF8
_ADC_Init                text22       003A3C
_ADPCHbits               (abs)        003EF1
_ADPREH                  (abs)        003EF7
_ADPREL                  (abs)        003EF6
_ADRESH                  (abs)        003EF0
_ADRESL                  (abs)        003EEF
_ANSELAbits              (abs)        003A40
_LATB                    (abs)        003FBB
_LATD0                   (abs)        01FDE8
_LATD1                   (abs)        01FDE9
_LCD_Char                text18       003B2C
_LCD_Command             text20       003B4A
_LCD_Init                text19       003ADC
_LCD_String              text17       0038A2
_LCD_String_xy           text16       0039FC
_MSdelay                 text21       003972
_TRISAbits               (abs)        003FC2
_TRISB                   (abs)        003FC3
_TRISD                   (abs)        003FC5
__HRAM                   (abs)        000000
__H__absolute__          __absolute__ 000000
__Habs1                  abs1         000000
__Hbank0                 bank0        000000
__Hbank1                 bank1        000000
__Hbank10                bank10       000000
__Hbank11                bank11       000000
__Hbank12                bank12       000000
__Hbank13                bank13       000000
__Hbank14                bank14       000000
__Hbank15                bank15       000000
__Hbank16                bank16       000000
__Hbank17                bank17       000000
__Hbank18                bank18       000000
__Hbank19                bank19       000000
__Hbank2                 bank2        000000
__Hbank20                bank20       000000
__Hbank21                bank21       000000
__Hbank22                bank22       000000
__Hbank23                bank23       000000
__Hbank24                bank24       000000
__Hbank25                bank25       000000
__Hbank26                bank26       000000
__Hbank27                bank27       000000
__Hbank28                bank28       000000
__Hbank29                bank29       000000
__Hbank3                 bank3        000000
__Hbank30                bank30       000000
__Hbank31                bank31       000000
__Hbank4                 bank4        000000
__Hbank5                 bank5        000000
__Hbank6                 bank6        000000
__Hbank7                 bank7        000000
__Hbank8                 bank8        000000
__Hbank9                 bank9        000000
__Hbigbss                bigbss       000000
__Hbigdata               bigdata      000000
__Hbigram                bigram       000000
__Hbigsfr                bigsfr       000000
__Hbss                   bss          000000
__HbssBANK0              bssBANK0     000000
__HbssCOMRAM             bssCOMRAM    000000
__Hcinit                 cinit        000000
__Hclrtext               clrtext      000000
__Hcomram                comram       000000
__Hconfig                config       30000A
__Hconst                 const        000000
__HcstackCOMRAM          cstackCOMRAM 000000
__Hdata                  data         000000
__Heeprom_data           eeprom_data  000000
__Hfarbss                farbss       000000
__Hfardata               fardata      000000
__Hheap                  heap         000000
__Hibigdata              ibigdata     000000
__Hidata                 idata        000000
__Hidloc                 idloc        000000
__Hifardata              ifardata     000000
__Hinit                  init         020000
__Hintsave_regs          intsave_regs 000000
__Hirdata                irdata       000000
__Hmediumconst           mediumconst  000000
__HnvFARRAM              nvFARRAM     000000
__Hnvbit                 nvbit        000000
__Hnvrram                nvrram       000000
__Hparam                 rparam       000000
__Hpowerup               powerup      000000
__Hram                   ram          000000
__Hramtop                ramtop       002000
__Hrbit                  rbit         000000
__Hrbss                  rbss         000000
__Hrdata                 rdata        000000
__Hreset_vec             reset_vec    000004
__Hrparam                rparam       000000
__Hsfr                   sfr          000000
__Hsmallconst            smallconst   002020
__Hspace_0               (abs)        020000
__Hspace_1               (abs)        00008A
__Hspace_2               (abs)        000000
__Hspace_4               (abs)        60000A
__Hstack                 stack        000000
__Hstruct                struct       000000
__Htemp                  temp         000000
__Htext                  text         000000
__Htext0                 text0        000000
__Htext1                 text1        000000
__Htext10                text10       000000
__Htext11                text11       000000
__Htext12                text12       000000
__Htext13                text13       000000
__Htext14                text14       000000
__Htext15                text15       000000
__Htext16                text16       000000
__Htext17                text17       000000
__Htext18                text18       000000
__Htext19                text19       000000
__Htext2                 text2        000000
__Htext20                text20       000000
__Htext21                text21       000000
__Htext22                text22       000000
__Htext3                 text3        000000
__Htext4                 text4        000000
__Htext5                 text5        000000
__Htext6                 text6        000000
__Htext7                 text7        000000
__Htext8                 text8        000000
__Htext9                 text9        000000
__LRAM                   (abs)        000001
__L__absolute__          __absolute__ 000000
__Labs1                  abs1         000000
__Lbank0                 bank0        000000
__Lbank1                 bank1        000000
__Lbank10                bank10       000000
__Lbank11                bank11       000000
__Lbank12                bank12       000000
__Lbank13                bank13       000000
__Lbank14                bank14       000000
__Lbank15                bank15       000000
__Lbank16                bank16       000000
__Lbank17                bank17       000000
__Lbank18                bank18       000000
__Lbank19                bank19       000000
__Lbank2                 bank2        000000
__Lbank20                bank20       000000
__Lbank21                bank21       000000
__Lbank22                bank22       000000
__Lbank23                bank23       000000
__Lbank24                bank24       000000
__Lbank25                bank25       000000
__Lbank26                bank26       000000
__Lbank27                bank27       000000
__Lbank28                bank28       000000
__Lbank29                bank29       000000
__Lbank3                 bank3        000000
__Lbank30                bank30       000000
__Lbank31                bank31       000000
__Lbank4                 bank4        000000
__Lbank5                 bank5        000000
__Lbank6                 bank6        000000
__Lbank7                 bank7        000000
__Lbank8                 bank8        000000
__Lbank9                 bank9        000000
__Lbigbss                bigbss       000000
__Lbigdata               bigdata      000000
__Lbigram                bigram       000000
__Lbigsfr                bigsfr       000000
__Lbss                   bss          000000
__LbssBANK0              bssBANK0     000000
__LbssCOMRAM             bssCOMRAM    000000
__Lcinit                 cinit        000000
__Lclrtext               clrtext      000000
__Lcomram                comram       000000
__Lconfig                config       000000
__Lconst                 const        000000
__LcstackCOMRAM          cstackCOMRAM 000000
__Ldata                  data         000000
__Leeprom_data           eeprom_data  000000
__Lfarbss                farbss       000000
__Lfardata               fardata      000000
__Lheap                  heap         000000
__Libigdata              ibigdata     000000
__Lidata                 idata        000000
__Lidloc                 idloc        000000
__Lifardata              ifardata     000000
__Linit                  init         01FFFC
__Lintsave_regs          intsave_regs 000000
__Lirdata                irdata       000000
__Lmediumconst           mediumconst  000000
__LnvFARRAM              nvFARRAM     000000
__Lnvbit                 nvbit        000000
__Lnvrram                nvrram       000000
__Lparam                 rparam       000000
__Lpowerup               powerup      000000
__Lram                   ram          000000
__Lramtop                ramtop       002000
__Lrbit                  rbit         000000
__Lrbss                  rbss         000000
__Lrdata                 rdata        000000
__Lreset_vec             reset_vec    000000
__Lrparam                rparam       000000
__Lsfr                   sfr          000000
__Lsmallconst            smallconst   002000
__Lspace_0               (abs)        000000
__Lspace_1               (abs)        000000
__Lspace_2               (abs)        000000
__Lspace_4               (abs)        000000
__Lstack                 stack        000000
__Lstruct                struct       000000
__Ltemp                  temp         000000
__Ltext                  text         000000
__Ltext0                 text0        000000
__Ltext1                 text1        000000
__Ltext10                text10       000000
__Ltext11                text11       000000
__Ltext12                text12       000000
__Ltext13                text13       000000
__Ltext14                text14       000000
__Ltext15                text15       000000
__Ltext16                text16       000000
__Ltext17                text17       000000
__Ltext18                text18       000000
__Ltext19                text19       000000
__Ltext2                 text2        000000
__Ltext20                text20       000000
__Ltext21                text21       000000
__Ltext22                text22       000000
__Ltext3                 text3        000000
__Ltext4                 text4        000000
__Ltext5                 text5        000000
__Ltext6                 text6        000000
__Ltext7                 text7        000000
__Ltext8                 text8        000000
__Ltext9                 text9        000000
__S0                     (abs)        020000
__S1                     (abs)        00008A
__S4                     (abs)        000000
__S5                     (abs)        000000
___awdiv                 text9        003682
___awdiv@counter         cstackCOMRAM 000005
___awdiv@dividend        cstackCOMRAM 000001
___awdiv@divisor         cstackCOMRAM 000003
___awdiv@quotient        cstackCOMRAM 000007
___awdiv@sign            cstackCOMRAM 000006
___awmod                 text8        003746
___awmod@counter         cstackCOMRAM 000005
___awmod@dividend        cstackCOMRAM 000001
___awmod@divisor         cstackCOMRAM 000003
___awmod@sign            cstackCOMRAM 000006
___fladd                 text15       002020
___fladd@a               cstackCOMRAM 00002C
___fladd@aexp            cstackCOMRAM 000035
___fladd@b               cstackCOMRAM 000028
___fladd@bexp            cstackCOMRAM 000036
___fladd@grs             cstackCOMRAM 000037
___fladd@signs           cstackCOMRAM 000034
___fldiv                 text14       002D66
___fldiv@a               cstackCOMRAM 000005
___fldiv@aexp            cstackCOMRAM 000019
___fldiv@b               cstackCOMRAM 000001
___fldiv@bexp            cstackCOMRAM 000018
___fldiv@grs             cstackCOMRAM 000014
___fldiv@new_exp         cstackCOMRAM 000012
___fldiv@rem             cstackCOMRAM 00000D
___fldiv@sign            cstackCOMRAM 000011
___flge                  text13       00357E
___flge@ff1              cstackCOMRAM 000001
___flge@ff2              cstackCOMRAM 000005
___flmul                 text12       0024E0
___flmul@a               cstackCOMRAM 000013
___flmul@aexp            cstackCOMRAM 000020
___flmul@b               cstackCOMRAM 00000F
___flmul@bexp            cstackCOMRAM 000021
___flmul@grs             cstackCOMRAM 00001C
___flmul@prod            cstackCOMRAM 000022
___flmul@sign            cstackCOMRAM 00001B
___flmul@temp            cstackCOMRAM 000026
___fltol                 text11       003478
___fltol@exp1            cstackCOMRAM 000041
___fltol@f1              cstackCOMRAM 000038
___fltol@sign1           cstackCOMRAM 000040
___heap_hi               (abs)        000000
___heap_lo               (abs)        000000
___inthi_sp              stack        000000
___inthi_stack_hi        stack        000000
___inthi_stack_lo        stack        000000
___intlo_sp              stack        000000
___intlo_stack_hi        stack        000000
___intlo_stack_lo        stack        000000
___param_bank            (abs)        000000
___rparam_used           (abs)        000001
___sp                    stack        000000
___stack_hi              stack        000000
___stack_lo              stack        000000
___xxtofl                text10       0032C4
___xxtofl@arg            cstackCOMRAM 00000B
___xxtofl@exp            cstackCOMRAM 00000A
___xxtofl@sign           cstackCOMRAM 000009
___xxtofl@val            cstackCOMRAM 000001
__accesstop              (abs)        000060
__activetblptr           (abs)        000002
__end_of_ADC_Init        text22       003A74
__end_of_LCD_Char        text18       003B4A
__end_of_LCD_Command     text20       003B68
__end_of_LCD_Init        text19       003B0A
__end_of_LCD_String      text17       003914
__end_of_LCD_String_xy   text16       003A3C
__end_of_MSdelay         text21       0039BC
__end_of___awdiv         text9        003746
__end_of___awmod         text8        0037F6
__end_of___fladd         text15       0024E0
__end_of___fldiv         text14       003100
__end_of___flge          text13       003682
__end_of___flmul         text12       00292E
__end_of___fltol         text11       00357E
__end_of___xxtofl        text10       003478
__end_of__initialization cinit        003B22
__end_of_abs             text7        003ADC
__end_of_fputc           text5        0038A2
__end_of_main            text0        002D66
__end_of_putch           text6        003B6A
__end_of_sprintf         text2        003AA8
__end_of_strcat          text1        003972
__end_of_vfpfcnvrt       text4        0032C4
__end_of_vfprintf        text3        0039FC
__initialization         cinit        003B0A
__mediumconst            mediumconst  000000
__pbssBANK0              bssBANK0     000060
__pbssCOMRAM             bssCOMRAM    000046
__pcinit                 cinit        003B0A
__pcstackCOMRAM          cstackCOMRAM 000001
__psmallconst            smallconst   002000
__ptext0                 text0        00292E
__ptext1                 text1        003914
__ptext10                text10       0032C4
__ptext11                text11       003478
__ptext12                text12       0024E0
__ptext13                text13       00357E
__ptext14                text14       002D66
__ptext15                text15       002020
__ptext16                text16       0039FC
__ptext17                text17       0038A2
__ptext18                text18       003B2C
__ptext19                text19       003ADC
__ptext2                 text2        003A74
__ptext20                text20       003B4A
__ptext21                text21       003972
__ptext22                text22       003A3C
__ptext3                 text3        0039BC
__ptext4                 text4        003100
__ptext5                 text5        0037F6
__ptext6                 text6        003B68
__ptext7                 text7        003AA8
__ptext8                 text8        003746
__ptext9                 text9        003682
__ramtop                 ramtop       002000
__smallconst             smallconst   002000
_abs                     text7        003AA8
_avg                     bssCOMRAM    000046
_data                    bssBANK0     000080
_dbuf                    bssBANK0     000060
_digital                 bssCOMRAM    000050
_flags                   bssCOMRAM    000052
_fputc                   text5        0037F6
_lumens                  bssCOMRAM    00004E
_main                    text0        00292E
_prec                    bssCOMRAM    00004C
_putch                   text6        003B68
_sprintf                 text2        003A74
_strcat                  text1        003914
_vfpfcnvrt               text4        003100
_vfprintf                text3        0039BC
_voltage                 bssCOMRAM    000053
_width                   bssCOMRAM    00004A
abs@a                    cstackCOMRAM 000007
end_of_initialization    cinit        003B22
fputc@c                  cstackCOMRAM 000001
fputc@fp                 cstackCOMRAM 000003
intlevel0                text         000000
intlevel1                text         000000
intlevel2                text         000000
intlevel3                text         000000
isa$std                  (abs)        000001
isa$xinst                (abs)        000000
main@i                   cstackCOMRAM 000044
sprintf@ap               cstackCOMRAM 00001E
sprintf@f                cstackCOMRAM 00001F
sprintf@fmt              cstackCOMRAM 00001B
sprintf@s                cstackCOMRAM 00001A
stackhi                  (abs)        000000
stacklo                  (abs)        000000
start                    init         01FFFC
start_initialization     cinit        003B0A
strcat@dest              cstackCOMRAM 000001
strcat@i                 cstackCOMRAM 000003
strcat@src               cstackCOMRAM 000002
vfpfcnvrt@ap             cstackCOMRAM 00000D
vfpfcnvrt@c              cstackCOMRAM 000015
vfpfcnvrt@convarg        cstackCOMRAM 000011
vfpfcnvrt@cp             cstackCOMRAM 000010
vfpfcnvrt@done           cstackCOMRAM 00000F
vfpfcnvrt@fmt            cstackCOMRAM 00000C
vfpfcnvrt@fp             cstackCOMRAM 00000B
vfprintf@ap              cstackCOMRAM 000018
vfprintf@cfmt            cstackCOMRAM 000019
vfprintf@fmt             cstackCOMRAM 000017
vfprintf@fp              cstackCOMRAM 000016


MODULE INFORMATION

Module		Function		Class		Link	Load	Size
C:\Program Files\Microchip\xc8\v2.46\pic\sources\c99\common\fltol.c
		___fltol       		CODE           	3478	0000	262

C:\Program Files\Microchip\xc8\v2.46\pic\sources\c99\common\fltol.c estimated size: 262

./LCD_Functions.h
		_LCD_String    		CODE           	38A2	0000	114
		_LCD_Init      		CODE           	3ADC	0000	46
		_LCD_Command   		CODE           	3B4A	0000	30
		_LCD_String_xy 		CODE           	39FC	0000	64
		_LCD_Char      		CODE           	3B2C	0000	30
		_MSdelay       		CODE           	3972	0000	74

./LCD_Functions.h estimated size: 358

C:\Program Files\Microchip\xc8\v2.46\pic\sources\c99\common\nf_fputc.c
		_fputc         		CODE           	37F6	0000	172

C:\Program Files\Microchip\xc8\v2.46\pic\sources\c99\common\nf_fputc.c estimated size: 172

C:\Program Files\Microchip\xc8\v2.46\pic\sources\c99\common\strcat.c
		_strcat        		CODE           	3914	0000	94

C:\Program Files\Microchip\xc8\v2.46\pic\sources\c99\common\strcat.c estimated size: 94

C:\Program Files\Microchip\xc8\v2.46\pic\sources\c99\common\awdiv.c
		___awdiv       		CODE           	3682	0000	196

C:\Program Files\Microchip\xc8\v2.46\pic\sources\c99\common\awdiv.c estimated size: 196

C:\Program Files\Microchip\xc8\v2.46\pic\sources\c99\common\xxtofl.c
		___xxtofl      		CODE           	32C4	0000	436

C:\Program Files\Microchip\xc8\v2.46\pic\sources\c99\common\xxtofl.c estimated size: 436

C:\Program Files\Microchip\xc8\v2.46\pic\sources\c99\common\sprcmul.c
		___flmul       		CODE           	24E0	0000	1102

C:\Program Files\Microchip\xc8\v2.46\pic\sources\c99\common\sprcmul.c estimated size: 1102

C:\Program Files\Microchip\xc8\v2.46\pic\sources\c99\common\sprcdiv.c
		___fldiv       		CODE           	2D66	0000	922

C:\Program Files\Microchip\xc8\v2.46\pic\sources\c99\common\sprcdiv.c estimated size: 922

C:\Program Files\Microchip\xc8\v2.46\pic\sources\c99\common\doprnt.c
		_vfpfcnvrt     		CODE           	3100	0000	452
		_vfprintf      		CODE           	39BC	0000	64

C:\Program Files\Microchip\xc8\v2.46\pic\sources\c99\common\doprnt.c estimated size: 516

C:\Program Files\Microchip\xc8\v2.46\pic\sources\c99\common\nf_sprintf.c
		_sprintf       		CODE           	3A74	0000	52

C:\Program Files\Microchip\xc8\v2.46\pic\sources\c99\common\nf_sprintf.c estimated size: 52

./ADC_Functions.h
		_ADC_Init      		CODE           	3A3C	0000	56

./ADC_Functions.h estimated size: 56

shared
		__initialization		CODE           	3B0A	0000	24

shared estimated size: 24

C:\Program Files\Microchip\xc8\v2.46\pic\sources\c99\common\putch.c
		_putch         		CODE           	3B68	0000	2

C:\Program Files\Microchip\xc8\v2.46\pic\sources\c99\common\putch.c estimated size: 2

C:\Program Files\Microchip\xc8\v2.46\pic\sources\c99\common\sprcadd.c
		___fladd       		CODE           	2020	0000	1216

C:\Program Files\Microchip\xc8\v2.46\pic\sources\c99\common\sprcadd.c estimated size: 1216

C:\Program Files\Microchip\xc8\v2.46\pic\sources\c99\common\abs.c
		_abs           		CODE           	3AA8	0000	52

C:\Program Files\Microchip\xc8\v2.46\pic\sources\c99\common\abs.c estimated size: 52

C:\Program Files\Microchip\xc8\v2.46\pic\sources\c99\common\awmod.c
		___awmod       		CODE           	3746	0000	176

C:\Program Files\Microchip\xc8\v2.46\pic\sources\c99\common\awmod.c estimated size: 176

main.c
		_main          		CODE           	292E	0000	1080

main.c estimated size: 1080

C:\Program Files\Microchip\xc8\v2.46\pic\sources\c99\common\flge.c
		___flge        		CODE           	357E	0000	260

C:\Program Files\Microchip\xc8\v2.46\pic\sources\c99\common\flge.c estimated size: 260

