Microchip MPLAB XC8 Compiler V2.46

Linker command line:

-W-3 \
  --edf=C:\Program Files\Microchip\xc8\v2.46\pic\dat\20240104201356_en.msgs \
  -pivt0x4008=04008h -cn \
  -h+dist/default/production\FinalProject.production.sym \
  --cmf=dist/default/production\FinalProject.production.cmf -z -Q18F47K42 \
  -oC:\Users\James\AppData\Local\Temp\xcAsm50.\driver_tmp_3.o \
  --defsym=__MPLAB_BUILD=1 --fixupoverflow=error \
  -Mdist/default/production/FinalProject.production.map \
  --md=C:\Users\James\AppData\Local\Temp\xcAsm50.\driver_tmp_0.dat -E1 \
  -ver=XC8 Compiler --acfsm=1493 -ACODE=00h-01FFFFh -ACONST=00h-01FFFFh \
  -ASMALLCONST=02000h-020FFhx480 \
  -AMEDIUMCONST=02000h-0FFFFh,012000h-01FFFFh -ACOMRAM=01h-05Fh \
  -AABS1=00h-01FFFh -ABIGRAM=01h-01FFFh -ARAM=060h-0FFh,0100h-01FFhx31 \
  -ABANK0=060h-0FFh -ABANK1=0100h-01FFh -ABANK2=0200h-02FFh \
  -ABANK3=0300h-03FFh -ABANK4=0400h-04FFh -ABANK5=0500h-05FFh \
  -ABANK6=0600h-06FFh -ABANK7=0700h-07FFh -ABANK8=0800h-08FFh \
  -ABANK9=0900h-09FFh -ABANK10=0A00h-0AFFh -ABANK11=0B00h-0BFFh \
  -ABANK12=0C00h-0CFFh -ABANK13=0D00h-0DFFh -ABANK14=0E00h-0EFFh \
  -ABANK15=0F00h-0FFFh -ABANK16=01000h-010FFh -ABANK17=01100h-011FFh \
  -ABANK18=01200h-012FFh -ABANK19=01300h-013FFh -ABANK20=01400h-014FFh \
  -ABANK21=01500h-015FFh -ABANK22=01600h-016FFh -ABANK23=01700h-017FFh \
  -ABANK24=01800h-018FFh -ABANK25=01900h-019FFh -ABANK26=01A00h-01AFFh \
  -ABANK27=01B00h-01BFFh -ABANK28=01C00h-01CFFh -ABANK29=01D00h-01DFFh \
  -ABANK30=01E00h-01EFFh -ABANK31=01F00h-01FFFh \
  -ASFR=03800h-038FFhx7,03F00h-03F5Fh,03F60h-03FFFh -ABIGSFR=03800h-03FFFh \
  -ACONFIG=0300000h-0300009h -AIDLOC=0200000h-020000Fh \
  -AEEDATA=0310000h-03103FFh -peeprom_data=EEDATA -preset_vec=00h \
  -ppowerup=CODE,init -pramtop=02000h -psmallconst=SMALLCONST \
  -pmediumconst=MEDIUMCONST -pconst=CONST -AFARRAM=00h-00h \
  -prdata=COMRAM,nvrram=COMRAM,nvbit=COMRAM,rbss=COMRAM,rbit=COMRAM \
  -pfarbss=FARRAM,fardata=FARRAM,nvFARRAM=FARRAM \
  -pintsave_regs=BIGRAM,bigbss=BIGRAM,bigdata=BIGRAM -pbss=RAM \
  -pidata=CODE,irdata=CODE,ibigdata=CODE,ifardata=CODE -prparam=COMRAM \
  C:\Users\James\AppData\Local\Temp\xcAsm50.\driver_tmp_14.o \
  dist/default/production\FinalProject.production.o 

Object code version is 3.11

Machine type is 18F47K42



                Name                               Link     Load   Length Selector   Space Scale
C:\Users\James\AppData\Local\Temp\xcAsm50.\driver_tmp_14.o
                config                           300000   300000        A        0       4
                init                               40AE     40AE        4     2004       0
                reset_vec                             0        0        4        0       0
dist/default/production\FinalProject.production.o
                config                           300000   300000        A        0       4
                smallconst                         2000     2000       66     1000       0
                ivt0x4008                          4008     4008       A6     2004       0
                text46                             50AC     50AC       4A     1250       0
                text45                             5494     5494       1E     1250       0
                text44                             550C     550C        8     1250       0
                text43                             526C     526C       36     1250       0
                text42                             53C8     53C8       2A     1250       0
                text41                             4490     4490      1CA     2004       0
                text40                             5476     5476       1E     1250       0
                text39                             4FEE     4FEE       72     1250       0
                text38                             51BE     51BE       40     1250       0
                text37                             4B0E     4B0E       C4     1250       0
                text36                             4C84     4C84       B0     1250       0
                text35                             52D6     52D6       34     1250       0
                text34                             5520     5520        2     1250       0
                text33                             4DE2     4DE2       AC     1250       0
                text32                             465A     465A      1C4     2004       0
                text31                             517E     517E       40     1250       0
                text30                             52A2     52A2       34     1250       0
                text29                             40B2     40B2      210     2004       0
                text28                             4940     4940      108     1250       0
                text27                             539A     539A       2E     1250       0
                text26                             5060     5060       4C     1250       0
                text25                             5436     5436       22     1250       0
                text24                             533C     533C       30     1250       0
                text23                             5414     5414       22     1250       0
                text22                             4F7A     4F7A       74     1250       0
                text21                             513A     513A       44     1250       0
                text20                             53F2     53F2       22     1250       0
                text19                             54B2     54B2       1C     1250       0
                text18                             5458     5458       1E     1250       0
                text17                             551A     551A        4     1250       0
                text16                             5514     5514        6     1250       0
                text15                             530A     530A       32     1250       0
                text14                             54E2     54E2       14     1250       0
                text13                             4F04     4F04       76     1250       0
                text12                             54CE     54CE       14     1250       0
                text11                             54F6     54F6        C     1250       0
                text10                             5502     5502        A     1250       0
                text9                              4E8E     4E8E       76     1250       0
                text8                              4A48     4A48       C6     1250       0
                text7                              4BD2     4BD2       B2     1250       0
                text6                              5236     5236       36     1250       0
                text5                              551E     551E        2     1250       0
                text4                              4D34     4D34       AE     1250       0
                text3                              42C2     42C2      1CE     2004       0
                text2                              50F6     50F6       44     1250       0
                text1                              51FE     51FE       38     1250       0
                text0                              481E     481E      120     2004       0
                cstackCOMRAM                          1        1       4C        1       1
                cstackBANK0                          60       60       2E       60       1
                bssBANK0                             8E       8E       2A       60       1
                bssCOMRAM                            4D       4D        B        1       1
                cinit                              536C     536C       2E     1250       0

TOTAL           Name                               Link     Load   Length     Space
        CLASS   CODE           
                init                               40AE     40AE        4         0
                reset_vec                             0        0        4         0
                ivt0x4008                          4008     4008       A6         0
                text46                             50AC     50AC       4A         0
                text45                             5494     5494       1E         0
                text44                             550C     550C        8         0
                text43                             526C     526C       36         0
                text42                             53C8     53C8       2A         0
                text41                             4490     4490      1CA         0
                text40                             5476     5476       1E         0
                text39                             4FEE     4FEE       72         0
                text38                             51BE     51BE       40         0
                text37                             4B0E     4B0E       C4         0
                text36                             4C84     4C84       B0         0
                text35                             52D6     52D6       34         0
                text34                             5520     5520        2         0
                text33                             4DE2     4DE2       AC         0
                text32                             465A     465A      1C4         0
                text31                             517E     517E       40         0
                text30                             52A2     52A2       34         0
                text29                             40B2     40B2      210         0
                text28                             4940     4940      108         0
                text27                             539A     539A       2E         0
                text26                             5060     5060       4C         0
                text25                             5436     5436       22         0
                text24                             533C     533C       30         0
                text23                             5414     5414       22         0
                text22                             4F7A     4F7A       74         0
                text21                             513A     513A       44         0
                text20                             53F2     53F2       22         0
                text19                             54B2     54B2       1C         0
                text18                             5458     5458       1E         0
                text17                             551A     551A        4         0
                text16                             5514     5514        6         0
                text15                             530A     530A       32         0
                text14                             54E2     54E2       14         0
                text13                             4F04     4F04       76         0
                text12                             54CE     54CE       14         0
                text11                             54F6     54F6        C         0
                text10                             5502     5502        A         0
                text9                              4E8E     4E8E       76         0
                text8                              4A48     4A48       C6         0
                text7                              4BD2     4BD2       B2         0
                text6                              5236     5236       36         0
                text5                              551E     551E        2         0
                text4                              4D34     4D34       AE         0
                text3                              42C2     42C2      1CE         0
                text2                              50F6     50F6       44         0
                text1                              51FE     51FE       38         0
                text0                              481E     481E      120         0
                cinit                              536C     536C       2E         0

        CLASS   CONST          

        CLASS   SMALLCONST     
                smallconst                         2000     2000       66         0

        CLASS   MEDIUMCONST    

        CLASS   COMRAM         
                cstackCOMRAM                          1        1       4C         1
                bssCOMRAM                            4D       4D        B         1

        CLASS   ABS1           

        CLASS   BIGRAM         

        CLASS   RAM            

        CLASS   BANK0          
                cstackBANK0                          60       60       2E         1
                bssBANK0                             8E       8E       2A         1

        CLASS   BANK1          

        CLASS   BANK2          

        CLASS   BANK3          

        CLASS   BANK4          

        CLASS   BANK5          

        CLASS   BANK6          

        CLASS   BANK7          

        CLASS   BANK8          

        CLASS   BANK9          

        CLASS   BANK10         

        CLASS   BANK11         

        CLASS   BANK12         

        CLASS   BANK13         

        CLASS   BANK14         

        CLASS   BANK15         

        CLASS   BANK16         

        CLASS   BANK17         

        CLASS   BANK18         

        CLASS   BANK19         

        CLASS   BANK20         

        CLASS   BANK21         

        CLASS   BANK22         

        CLASS   BANK23         

        CLASS   BANK24         

        CLASS   BANK25         

        CLASS   BANK26         

        CLASS   BANK27         

        CLASS   BANK28         

        CLASS   BANK29         

        CLASS   BANK30         

        CLASS   BANK31         

        CLASS   SFR            

        CLASS   BIGSFR         

        CLASS   CONFIG         
                config                           300000   300000        A         4

        CLASS   IDLOC          

        CLASS   EEDATA         

        CLASS   FARRAM         

        CLASS   HEAP           

        CLASS   STACK          



SEGMENTS        Name                           Load    Length   Top    Selector   Space  Class

                reset_vec                      000000  000004  000004         0       0  CODE    
                cstackCOMRAM                   000001  000057  000058         1       1  COMRAM  
                cstackBANK0                    000060  000058  0000B8        60       1  BANK0   
                smallconst                     002000  000066  002066      1000       0  SMALLCON
                ivt0x4008                      004008  000936  00493E      2004       0  CODE    
                text28                         004940  000BE2  005522      1250       0  CODE    


UNUSED ADDRESS RANGES

        Name                Unused          Largest block    Delta
        BANK0            0000B8-0000FF               48
        BANK1            000100-0001FF              100
        BANK10           000A00-000AFF              100
        BANK11           000B00-000BFF              100
        BANK12           000C00-000CFF              100
        BANK13           000D00-000DFF              100
        BANK14           000E00-000EFF              100
        BANK15           000F00-000FFF              100
        BANK16           001000-0010FF              100
        BANK17           001100-0011FF              100
        BANK18           001200-0012FF              100
        BANK19           001300-0013FF              100
        BANK2            000200-0002FF              100
        BANK20           001400-0014FF              100
        BANK21           001500-0015FF              100
        BANK22           001600-0016FF              100
        BANK23           001700-0017FF              100
        BANK24           001800-0018FF              100
        BANK25           001900-0019FF              100
        BANK26           001A00-001AFF              100
        BANK27           001B00-001BFF              100
        BANK28           001C00-001CFF              100
        BANK29           001D00-001DFF              100
        BANK3            000300-0003FF              100
        BANK30           001E00-001EFF              100
        BANK31           001F00-001FFF              100
        BANK4            000400-0004FF              100
        BANK5            000500-0005FF              100
        BANK6            000600-0006FF              100
        BANK7            000700-0007FF              100
        BANK8            000800-0008FF              100
        BANK9            000900-0009FF              100
        BIGRAM           000058-00005F                8
                         0000B8-001FFF             1F48
        BIGSFR           003800-003FFF              800
        CODE             000004-001FFF             1FFC
                         002066-004007             1FA2
                         00493E-00493F                2
                         005522-01FFFF            1AADE
        COMRAM           000058-00005F                8
        CONST            000004-001FFF             1FFC
                         002066-004007             1FA2
                         00493E-00493F                2
                         005522-01FFFF            1AADE
        EEDATA           310000-3103FF              400
        IDLOC            200000-20000F               10
        MEDIUMCONST      002066-004007             1FA2
                         00493E-00493F                2
                         005522-00FFFF             AADE
                         012000-01FFFF             E000
        RAM              0000B8-001FFF              100
        SFR              003800-003FFF              100
        SMALLCONST       002066-004007              100
                         00493E-00493F                2
                         005522-01FFFF              100

                                  Symbol Table

?___awdiv                     cstackBANK0  000060
?___awmod                     cstackBANK0  000060
?___wmul                      cstackCOMRAM 000001
?_abs                         cstackBANK0  000066
?_getKeypad                   cstackCOMRAM 000001
?_getValue                    cstackCOMRAM 00002B
?_sprintf                     cstackBANK0  000079
?_vfprintf                    cstackBANK0  000075
?i2___awdiv                   cstackCOMRAM 000001
?i2___awmod                   cstackCOMRAM 000001
?i2_abs                       cstackCOMRAM 000007
?i2_sprintf                   cstackCOMRAM 00001A
?i2_vfprintf                  cstackCOMRAM 000016
IVTBASEH                      (abs)        003FD6
IVTBASEL                      (abs)        003FD5
IVTBASEU                      (abs)        003FD7
LCD_Char@dat                  cstackBANK0  000066
LCD_Command@cmd               cstackBANK0  000066
LCD_String@msg                cstackBANK0  000067
LCD_String_xy@location        cstackBANK0  00006D
LCD_String_xy@msg             cstackBANK0  00006A
LCD_String_xy@pos             cstackBANK0  000069
LCD_String_xy@row             cstackBANK0  00006C
MSdelay@i                     cstackBANK0  000062
MSdelay@j                     cstackBANK0  000064
MSdelay@val                   cstackBANK0  000060
PWM2_LoadDutyValue@dutyValue  cstackBANK0  000060
_ANSELA                       (abs)        003A40
_ANSELB                       (abs)        003A50
_ANSELCbits                   (abs)        003A60
_CCP2CON                      (abs)        003F7A
_CCP2CONbits                  (abs)        003F7A
_CCPR2H                       (abs)        003F79
_CCPR2L                       (abs)        003F78
_CCPTMRS0bits                 (abs)        003F5E
_INT0_ISR                     text28       004940
_INTCON0bits                  (abs)        003FD2
_INTERRUPT_Initialize         text27       00539A
_IPR1bits                     (abs)        003981
_IVTBASEH                     (abs)        003FD6
_IVTBASEL                     (abs)        003FD5
_IVTBASEU                     (abs)        003FD7
_LATA                         (abs)        003FBA
_LATB                         (abs)        003FBB
_LATC2                        (abs)        01FDE2
_LATC3                        (abs)        01FDE3
_LATCbits                     (abs)        003FBC
_LATD                         (abs)        003FBD
_LCD_Char                     text23       005414
_LCD_Clear                    text44       00550C
_LCD_Command                  text25       005436
_LCD_Init                     text24       00533C
_LCD_String                   text22       004F7A
_LCD_String_xy                text21       00513A
_MSdelay                      text26       005060
_NVMADRL                      (abs)        0039E0
_NVMCON1                      (abs)        0039E5
_NVMCON1bits                  (abs)        0039E5
_NVMCON2                      (abs)        0039E6
_NVMDAT                       (abs)        0039E3
_OSCFRQ                       (abs)        0039DF
_OSCSTATbits                  (abs)        0039DC
_PIE1bits                     (abs)        003991
_PIR1bits                     (abs)        0039A1
_PIR4bits                     (abs)        0039A4
_PORTA                        (abs)        003FCA
_PORTAbits                    (abs)        003FCA
_PORTB                        (abs)        003FCB
_PORTBbits                    (abs)        003FCB
_PORTCbits                    (abs)        003FCC
_PPSLOCK                      (abs)        003ABF
_PPSLOCKbits                  (abs)        003ABF
_PR2                          (abs)        003FAB
_PWM2_Initialize              text20       0053F2
_PWM2_LoadDutyValue           text15       00530A
_PWM2_OutputStatusGet         text14       0054E2
_PWM_Output_D8_Enable         text19       0054B2
_RB3PPS                       (abs)        003A0B
_T2CLKCON                     (abs)        003FAE
_T2CON                        (abs)        003FAC
_T2CONbits                    (abs)        003FAC
_T2HLT                        (abs)        003FAD
_T2PR                         (abs)        003FAB
_T2RST                        (abs)        003FAF
_T2TMR                        (abs)        003FAA
_TMR2                         (abs)        003FAA
_TMR2_Initialize              text18       005458
_TMR2_Start                   text17       00551A
_TMR2_StartTimer              text16       005514
_TRISA                        (abs)        003FC2
_TRISB                        (abs)        003FC3
_TRISBbits                    (abs)        003FC3
_TRISCbits                    (abs)        003FC4
_TRISD                        (abs)        003FC5
__HRAM                        (abs)        000000
__H__absolute__               __absolute__ 000000
__Habs1                       abs1         000000
__Hbank0                      bank0        000000
__Hbank1                      bank1        000000
__Hbank10                     bank10       000000
__Hbank11                     bank11       000000
__Hbank12                     bank12       000000
__Hbank13                     bank13       000000
__Hbank14                     bank14       000000
__Hbank15                     bank15       000000
__Hbank16                     bank16       000000
__Hbank17                     bank17       000000
__Hbank18                     bank18       000000
__Hbank19                     bank19       000000
__Hbank2                      bank2        000000
__Hbank20                     bank20       000000
__Hbank21                     bank21       000000
__Hbank22                     bank22       000000
__Hbank23                     bank23       000000
__Hbank24                     bank24       000000
__Hbank25                     bank25       000000
__Hbank26                     bank26       000000
__Hbank27                     bank27       000000
__Hbank28                     bank28       000000
__Hbank29                     bank29       000000
__Hbank3                      bank3        000000
__Hbank30                     bank30       000000
__Hbank31                     bank31       000000
__Hbank4                      bank4        000000
__Hbank5                      bank5        000000
__Hbank6                      bank6        000000
__Hbank7                      bank7        000000
__Hbank8                      bank8        000000
__Hbank9                      bank9        000000
__Hbigbss                     bigbss       000000
__Hbigdata                    bigdata      000000
__Hbigram                     bigram       000000
__Hbigsfr                     bigsfr       000000
__Hbss                        bss          000000
__HbssBANK0                   bssBANK0     000000
__HbssCOMRAM                  bssCOMRAM    000000
__Hcinit                      cinit        000000
__Hclrtext                    clrtext      000000
__Hcomram                     comram       000000
__Hconfig                     config       30000A
__Hconst                      const        000000
__HcstackBANK0                cstackBANK0  000000
__HcstackCOMRAM               cstackCOMRAM 000000
__Hdata                       data         000000
__Heeprom_data                eeprom_data  000000
__Hfarbss                     farbss       000000
__Hfardata                    fardata      000000
__Hheap                       heap         000000
__Hibigdata                   ibigdata     000000
__Hidata                      idata        000000
__Hidloc                      idloc        000000
__Hifardata                   ifardata     000000
__Hinit                       init         0040B2
__Hintsave_regs               intsave_regs 000000
__Hirdata                     irdata       000000
__Hivt0x4008                  ivt0x4008    0040AE
__Hmediumconst                mediumconst  000000
__HnvFARRAM                   nvFARRAM     000000
__Hnvbit                      nvbit        000000
__Hnvrram                     nvrram       000000
__Hparam                      rparam       000000
__Hpowerup                    powerup      000000
__Hram                        ram          000000
__Hramtop                     ramtop       002000
__Hrbit                       rbit         000000
__Hrbss                       rbss         000000
__Hrdata                      rdata        000000
__Hreset_vec                  reset_vec    000004
__Hrparam                     rparam       000000
__Hsfr                        sfr          000000
__Hsmallconst                 smallconst   002066
__Hspace_0                    (abs)        005522
__Hspace_1                    (abs)        0000B8
__Hspace_2                    (abs)        000000
__Hspace_4                    (abs)        60000A
__Hstack                      stack        000000
__Hstruct                     struct       000000
__Htemp                       temp         000000
__Htext                       text         000000
__Htext0                      text0        000000
__Htext1                      text1        000000
__Htext10                     text10       000000
__Htext11                     text11       000000
__Htext12                     text12       000000
__Htext13                     text13       000000
__Htext14                     text14       000000
__Htext15                     text15       000000
__Htext16                     text16       000000
__Htext17                     text17       000000
__Htext18                     text18       000000
__Htext19                     text19       000000
__Htext2                      text2        000000
__Htext20                     text20       000000
__Htext21                     text21       000000
__Htext22                     text22       000000
__Htext23                     text23       000000
__Htext24                     text24       000000
__Htext25                     text25       000000
__Htext26                     text26       000000
__Htext27                     text27       000000
__Htext28                     text28       000000
__Htext29                     text29       000000
__Htext3                      text3        000000
__Htext30                     text30       000000
__Htext31                     text31       000000
__Htext32                     text32       000000
__Htext33                     text33       000000
__Htext34                     text34       000000
__Htext35                     text35       000000
__Htext36                     text36       000000
__Htext37                     text37       000000
__Htext38                     text38       000000
__Htext39                     text39       000000
__Htext4                      text4        000000
__Htext40                     text40       000000
__Htext41                     text41       000000
__Htext42                     text42       000000
__Htext43                     text43       000000
__Htext44                     text44       000000
__Htext45                     text45       000000
__Htext46                     text46       000000
__Htext5                      text5        000000
__Htext6                      text6        000000
__Htext7                      text7        000000
__Htext8                      text8        000000
__Htext9                      text9        000000
__LRAM                        (abs)        000001
__L__absolute__               __absolute__ 000000
__Labs1                       abs1         000000
__Lbank0                      bank0        000000
__Lbank1                      bank1        000000
__Lbank10                     bank10       000000
__Lbank11                     bank11       000000
__Lbank12                     bank12       000000
__Lbank13                     bank13       000000
__Lbank14                     bank14       000000
__Lbank15                     bank15       000000
__Lbank16                     bank16       000000
__Lbank17                     bank17       000000
__Lbank18                     bank18       000000
__Lbank19                     bank19       000000
__Lbank2                      bank2        000000
__Lbank20                     bank20       000000
__Lbank21                     bank21       000000
__Lbank22                     bank22       000000
__Lbank23                     bank23       000000
__Lbank24                     bank24       000000
__Lbank25                     bank25       000000
__Lbank26                     bank26       000000
__Lbank27                     bank27       000000
__Lbank28                     bank28       000000
__Lbank29                     bank29       000000
__Lbank3                      bank3        000000
__Lbank30                     bank30       000000
__Lbank31                     bank31       000000
__Lbank4                      bank4        000000
__Lbank5                      bank5        000000
__Lbank6                      bank6        000000
__Lbank7                      bank7        000000
__Lbank8                      bank8        000000
__Lbank9                      bank9        000000
__Lbigbss                     bigbss       000000
__Lbigdata                    bigdata      000000
__Lbigram                     bigram       000000
__Lbigsfr                     bigsfr       000000
__Lbss                        bss          000000
__LbssBANK0                   bssBANK0     000000
__LbssCOMRAM                  bssCOMRAM    000000
__Lcinit                      cinit        000000
__Lclrtext                    clrtext      000000
__Lcomram                     comram       000000
__Lconfig                     config       000000
__Lconst                      const        000000
__LcstackBANK0                cstackBANK0  000000
__LcstackCOMRAM               cstackCOMRAM 000000
__Ldata                       data         000000
__Leeprom_data                eeprom_data  000000
__Lfarbss                     farbss       000000
__Lfardata                    fardata      000000
__Lheap                       heap         000000
__Libigdata                   ibigdata     000000
__Lidata                      idata        000000
__Lidloc                      idloc        000000
__Lifardata                   ifardata     000000
__Linit                       init         0040AE
__Lintsave_regs               intsave_regs 000000
__Lirdata                     irdata       000000
__Livt0x4008                  ivt0x4008    004008
__Lmediumconst                mediumconst  000000
__LnvFARRAM                   nvFARRAM     000000
__Lnvbit                      nvbit        000000
__Lnvrram                     nvrram       000000
__Lparam                      rparam       000000
__Lpowerup                    powerup      000000
__Lram                        ram          000000
__Lramtop                     ramtop       002000
__Lrbit                       rbit         000000
__Lrbss                       rbss         000000
__Lrdata                      rdata        000000
__Lreset_vec                  reset_vec    000000
__Lrparam                     rparam       000000
__Lsfr                        sfr          000000
__Lsmallconst                 smallconst   002000
__Lspace_0                    (abs)        000000
__Lspace_1                    (abs)        000000
__Lspace_2                    (abs)        000000
__Lspace_4                    (abs)        000000
__Lstack                      stack        000000
__Lstruct                     struct       000000
__Ltemp                       temp         000000
__Ltext                       text         000000
__Ltext0                      text0        000000
__Ltext1                      text1        000000
__Ltext10                     text10       000000
__Ltext11                     text11       000000
__Ltext12                     text12       000000
__Ltext13                     text13       000000
__Ltext14                     text14       000000
__Ltext15                     text15       000000
__Ltext16                     text16       000000
__Ltext17                     text17       000000
__Ltext18                     text18       000000
__Ltext19                     text19       000000
__Ltext2                      text2        000000
__Ltext20                     text20       000000
__Ltext21                     text21       000000
__Ltext22                     text22       000000
__Ltext23                     text23       000000
__Ltext24                     text24       000000
__Ltext25                     text25       000000
__Ltext26                     text26       000000
__Ltext27                     text27       000000
__Ltext28                     text28       000000
__Ltext29                     text29       000000
__Ltext3                      text3        000000
__Ltext30                     text30       000000
__Ltext31                     text31       000000
__Ltext32                     text32       000000
__Ltext33                     text33       000000
__Ltext34                     text34       000000
__Ltext35                     text35       000000
__Ltext36                     text36       000000
__Ltext37                     text37       000000
__Ltext38                     text38       000000
__Ltext39                     text39       000000
__Ltext4                      text4        000000
__Ltext40                     text40       000000
__Ltext41                     text41       000000
__Ltext42                     text42       000000
__Ltext43                     text43       000000
__Ltext44                     text44       000000
__Ltext45                     text45       000000
__Ltext46                     text46       000000
__Ltext5                      text5        000000
__Ltext6                      text6        000000
__Ltext7                      text7        000000
__Ltext8                      text8        000000
__Ltext9                      text9        000000
__S0                          (abs)        005522
__S1                          (abs)        0000B8
__S4                          (abs)        000000
__S5                          (abs)        000000
___awdiv                      text8        004A48
___awdiv@counter              cstackBANK0  000064
___awdiv@dividend             cstackBANK0  000060
___awdiv@divisor              cstackBANK0  000062
___awdiv@quotient             cstackBANK0  000066
___awdiv@sign                 cstackBANK0  000065
___awmod                      text7        004BD2
___awmod@counter              cstackBANK0  000064
___awmod@dividend             cstackBANK0  000060
___awmod@divisor              cstackBANK0  000062
___awmod@sign                 cstackBANK0  000065
___heap_hi                    (abs)        000000
___heap_lo                    (abs)        000000
___inthi_sp                   stack        000000
___inthi_stack_hi             stack        000000
___inthi_stack_lo             stack        000000
___intlo_sp                   stack        000000
___intlo_stack_hi             stack        000000
___intlo_stack_lo             stack        000000
___param_bank                 (abs)        000000
___rparam_used                (abs)        000001
___sp                         stack        000000
___stack_hi                   stack        000000
___stack_lo                   stack        000000
___wmul                       text42       0053C8
___wmul@multiplicand          cstackCOMRAM 000003
___wmul@multiplier            cstackCOMRAM 000001
___wmul@product               cstackCOMRAM 000005
__accesstop                   (abs)        000060
__activetblptr                (abs)        000002
__end_of_INT0_ISR             text28       004A48
__end_of_INTERRUPT_Initialize text27       0053C8
__end_of_LCD_Char             text23       005436
__end_of_LCD_Clear            text44       005514
__end_of_LCD_Command          text25       005458
__end_of_LCD_Init             text24       00536C
__end_of_LCD_String           text22       004FEE
__end_of_LCD_String_xy        text21       00517E
__end_of_MSdelay              text26       0050AC
__end_of_PWM2_Initialize      text20       005414
__end_of_PWM2_LoadDutyValue   text15       00533C
__end_of_PWM2_OutputStatusGet text14       0054F6
__end_of_PWM_Output_D8_Enable text19       0054CE
__end_of_TMR2_Initialize      text18       005476
__end_of_TMR2_Start           text17       00551E
__end_of_TMR2_StartTimer      text16       00551A
__end_of___awdiv              text8        004B0E
__end_of___awmod              text7        004C84
__end_of___wmul               text42       0053F2
__end_of__initialization      cinit        005390
__end_of_abs                  text6        00526C
__end_of_closeBox             text13       004F7A
__end_of_eepromWrite          text43       0052A2
__end_of_fputc                text4        004DE2
__end_of_getKeypad            text41       00465A
__end_of_getValue             text29       0042C2
__end_of_initializeKeypad     text10       00550C
__end_of_initializePORTA      text12       0054E2
__end_of_initializePORTC      text11       005502
__end_of_main                 text0        00493E
__end_of_openBox              text9        004F04
__end_of_putch                text5        005520
__end_of_sprintf              text1        005236
__end_of_vfpfcnvrt            text3        004490
__end_of_vfprintf             text2        00513A
__end_ofi2_LCD_Char           text40       005494
__end_ofi2_LCD_Command        text45       0054B2
__end_ofi2_LCD_String         text39       005060
__end_ofi2_LCD_String_xy      text38       0051FE
__end_ofi2_MSdelay            text46       0050F6
__end_ofi2___awdiv            text37       004BD2
__end_ofi2___awmod            text36       004D34
__end_ofi2_abs                text35       00530A
__end_ofi2_fputc              text33       004E8E
__end_ofi2_putch              text34       005522
__end_ofi2_sprintf            text30       0052D6
__end_ofi2_vfpfcnvrt          text32       00481E
__end_ofi2_vfprintf           text31       0051BE
__initialization              cinit        00536C
__mediumconst                 mediumconst  000000
__pbssBANK0                   bssBANK0     00008E
__pbssCOMRAM                  bssCOMRAM    00004D
__pcinit                      cinit        00536C
__pcstackBANK0                cstackBANK0  000060
__pcstackCOMRAM               cstackCOMRAM 000001
__pivt0x4008                  ivt0x4008    004008
__psmallconst                 smallconst   002000
__ptext0                      text0        00481E
__ptext1                      text1        0051FE
__ptext10                     text10       005502
__ptext11                     text11       0054F6
__ptext12                     text12       0054CE
__ptext13                     text13       004F04
__ptext14                     text14       0054E2
__ptext15                     text15       00530A
__ptext16                     text16       005514
__ptext17                     text17       00551A
__ptext18                     text18       005458
__ptext19                     text19       0054B2
__ptext2                      text2        0050F6
__ptext20                     text20       0053F2
__ptext21                     text21       00513A
__ptext22                     text22       004F7A
__ptext23                     text23       005414
__ptext24                     text24       00533C
__ptext25                     text25       005436
__ptext26                     text26       005060
__ptext27                     text27       00539A
__ptext28                     text28       004940
__ptext29                     text29       0040B2
__ptext3                      text3        0042C2
__ptext30                     text30       0052A2
__ptext31                     text31       00517E
__ptext32                     text32       00465A
__ptext33                     text33       004DE2
__ptext34                     text34       005520
__ptext35                     text35       0052D6
__ptext36                     text36       004C84
__ptext37                     text37       004B0E
__ptext38                     text38       0051BE
__ptext39                     text39       004FEE
__ptext4                      text4        004D34
__ptext40                     text40       005476
__ptext41                     text41       004490
__ptext42                     text42       0053C8
__ptext43                     text43       00526C
__ptext44                     text44       00550C
__ptext45                     text45       005494
__ptext46                     text46       0050AC
__ptext5                      text5        00551E
__ptext6                      text6        005236
__ptext7                      text7        004BD2
__ptext8                      text8        004A48
__ptext9                      text9        004E8E
__ramtop                      ramtop       002000
__smallconst                  smallconst   002000
_abs                          text6        005236
_closeBox                     text13       004F04
_d                            bssBANK0     0000AE
_dbuf                         bssBANK0     00008E
_eepromWrite                  text43       00526C
_flags                        bssCOMRAM    000057
_fputc                        text4        004D34
_getKeypad                    text41       004490
_getValue                     text29       0040B2
_initializeKeypad             text10       005502
_initializePORTA              text12       0054CE
_initializePORTC              text11       0054F6
_main                         text0        00481E
_openBox                      text9        004E8E
_password                     bssCOMRAM    000055
_prec                         bssCOMRAM    00004F
_putch                        text5        00551E
_pword                        bssCOMRAM    000051
_sprintf                      text1        0051FE
_userGuess                    bssCOMRAM    000053
_vfpfcnvrt                    text3        0042C2
_vfprintf                     text2        0050F6
_width                        bssCOMRAM    00004D
abs@a                         cstackBANK0  000066
closeBox@i                    cstackBANK0  000063
closeBox@j                    cstackBANK0  000065
closeBox@pwmStatus            cstackBANK0  000062
eepromWrite@address           cstackCOMRAM 00000A
eepromWrite@data              cstackCOMRAM 000009
end_of_initialization         cinit        005390
fputc@c                       cstackBANK0  000060
fputc@fp                      cstackBANK0  000062
getKeypad@buttonNumber        cstackCOMRAM 000003
getValue@data                 cstackCOMRAM 000033
getValue@decimalValue         cstackCOMRAM 00003D
getValue@value1               cstackCOMRAM 00003F
getValue@value2               cstackCOMRAM 000041
getValue@value3               cstackCOMRAM 000043
getValue@value4               cstackCOMRAM 000045
i2LCD_Char@dat                cstackCOMRAM 000007
i2LCD_Command@cmd             cstackCOMRAM 000007
i2LCD_String@msg              cstackCOMRAM 000008
i2LCD_String_xy@location      cstackCOMRAM 00000E
i2LCD_String_xy@msg           cstackCOMRAM 00000B
i2LCD_String_xy@pos           cstackCOMRAM 00000A
i2LCD_String_xy@row           cstackCOMRAM 00000D
i2MSdelay@i                   cstackCOMRAM 000003
i2MSdelay@j                   cstackCOMRAM 000005
i2MSdelay@val                 cstackCOMRAM 000001
i2_LCD_Char                   text40       005476
i2_LCD_Command                text45       005494
i2_LCD_String                 text39       004FEE
i2_LCD_String_xy              text38       0051BE
i2_MSdelay                    text46       0050AC
i2___awdiv                    text37       004B0E
i2___awdiv@counter            cstackCOMRAM 000005
i2___awdiv@dividend           cstackCOMRAM 000001
i2___awdiv@divisor            cstackCOMRAM 000003
i2___awdiv@quotient           cstackCOMRAM 000007
i2___awdiv@sign               cstackCOMRAM 000006
i2___awmod                    text36       004C84
i2___awmod@counter            cstackCOMRAM 000005
i2___awmod@dividend           cstackCOMRAM 000001
i2___awmod@divisor            cstackCOMRAM 000003
i2___awmod@sign               cstackCOMRAM 000006
i2_abs                        text35       0052D6
i2_fputc                      text33       004DE2
i2_putch                      text34       005520
i2_sprintf                    text30       0052A2
i2_vfpfcnvrt                  text32       00465A
i2_vfprintf                   text31       00517E
i2abs@a                       cstackCOMRAM 000007
i2fputc@c                     cstackCOMRAM 000001
i2fputc@fp                    cstackCOMRAM 000003
i2sprintf@ap                  cstackCOMRAM 00001E
i2sprintf@f                   cstackCOMRAM 00001F
i2sprintf@fmt                 cstackCOMRAM 00001B
i2sprintf@s                   cstackCOMRAM 00001A
i2vfpfcnvrt@ap                cstackCOMRAM 00000D
i2vfpfcnvrt@c                 cstackCOMRAM 000015
i2vfpfcnvrt@convarg           cstackCOMRAM 000011
i2vfpfcnvrt@cp                cstackCOMRAM 000010
i2vfpfcnvrt@done              cstackCOMRAM 00000F
i2vfpfcnvrt@fmt               cstackCOMRAM 00000C
i2vfpfcnvrt@fp                cstackCOMRAM 00000B
i2vfprintf@ap                 cstackCOMRAM 000018
i2vfprintf@cfmt               cstackCOMRAM 000019
i2vfprintf@fmt                cstackCOMRAM 000017
i2vfprintf@fp                 cstackCOMRAM 000016
intlevel0                     text         000000
intlevel1                     text         000000
intlevel2                     text         000000
intlevel3                     text         000000
isa$std                       (abs)        000001
isa$xinst                     (abs)        000000
ivt0x4008_base                ivt0x4008    004008
ivt0x4008_undefint            ivt0x4008    0040AC
main@i                        cstackBANK0  00008C
openBox@i                     cstackBANK0  000063
openBox@j                     cstackBANK0  000065
openBox@pwmStatus             cstackBANK0  000062
sprintf@ap                    cstackBANK0  00007D
sprintf@f                     cstackBANK0  00007E
sprintf@fmt                   cstackBANK0  00007A
sprintf@s                     cstackBANK0  000079
stackhi                       (abs)        000000
stacklo                       (abs)        000000
start                         init         0040AE
start_initialization          cinit        00536C
vfpfcnvrt@ap                  cstackBANK0  00006C
vfpfcnvrt@c                   cstackBANK0  000074
vfpfcnvrt@convarg             cstackBANK0  000070
vfpfcnvrt@cp                  cstackBANK0  00006F
vfpfcnvrt@done                cstackBANK0  00006E
vfpfcnvrt@fmt                 cstackBANK0  00006B
vfpfcnvrt@fp                  cstackBANK0  00006A
vfprintf@ap                   cstackBANK0  000077
vfprintf@cfmt                 cstackBANK0  000078
vfprintf@fmt                  cstackBANK0  000076
vfprintf@fp                   cstackBANK0  000075


MODULE INFORMATION

Module		Function		Class		Link	Load	Size
C:\Program Files\Microchip\xc8\v2.46\pic\sources\c99\common\nf_fputc.c
		_fputc         		CODE           	4D34	0000	174

C:\Program Files\Microchip\xc8\v2.46\pic\sources\c99\common\nf_fputc.c estimated size: 174

C:\Program Files\Microchip\xc8\v2.46\pic\sources\c99\common\awdiv.c
		___awdiv       		CODE           	4A48	0000	198

C:\Program Files\Microchip\xc8\v2.46\pic\sources\c99\common\awdiv.c estimated size: 198

./LCD.h
		_LCD_String    		CODE           	4F7A	0000	116
		_LCD_Init      		CODE           	533C	0000	48
		_LCD_Command   		CODE           	5436	0000	34
		_LCD_String_xy 		CODE           	513A	0000	68
		_LCD_Char      		CODE           	5414	0000	34
		_LCD_Clear     		CODE           	550C	0000	8
		_MSdelay       		CODE           	5060	0000	76

./LCD.h estimated size: 384

C:\Program Files\Microchip\xc8\v2.46\pic\sources\c99\common\doprnt.c
		_vfpfcnvrt     		CODE           	42C2	0000	462
		_vfprintf      		CODE           	50F6	0000	68

C:\Program Files\Microchip\xc8\v2.46\pic\sources\c99\common\doprnt.c estimated size: 530

C:\Program Files\Microchip\xc8\v2.46\pic\sources\c99\common\nf_sprintf.c
		_sprintf       		CODE           	51FE	0000	56

C:\Program Files\Microchip\xc8\v2.46\pic\sources\c99\common\nf_sprintf.c estimated size: 56

./servo.h
		_PWM2_Initialize		CODE           	53F2	0000	34
		_TMR2_Initialize		CODE           	5458	0000	30
		_TMR2_Start    		CODE           	551A	0000	4
		_PWM_Output_D8_Enable		CODE           	54B2	0000	28
		_closeBox      		CODE           	4F04	0000	118
		_openBox       		CODE           	4E8E	0000	118
		_PWM2_OutputStatusGet		CODE           	54E2	0000	20
		_TMR2_StartTimer		CODE           	5514	0000	6
		_PWM2_LoadDutyValue		CODE           	530A	0000	50

./servo.h estimated size: 408

./interrupt.h
		_INTERRUPT_Initialize		CODE           	539A	0000	46
		_eepromWrite   		CODE           	526C	0000	54
		_INT0_ISR      		CODE           	4940	0000	264

./interrupt.h estimated size: 364

shared
		i2_vfpfcnvrt   		CODE           	465A	0000	452
		i2_abs         		CODE           	52D6	0000	52
		i2_putch       		CODE           	5520	0000	2
		i2_LCD_Char    		CODE           	5476	0000	30
		i2_LCD_String  		CODE           	4FEE	0000	114
		i2_vfprintf    		CODE           	517E	0000	64
		i2_LCD_Command 		CODE           	5494	0000	30
		i2___awdiv     		CODE           	4B0E	0000	196
		i2_MSdelay     		CODE           	50AC	0000	74
		__initialization		CODE           	536C	0000	36
		i2___awmod     		CODE           	4C84	0000	176
		i2_sprintf     		CODE           	52A2	0000	52
		i2_LCD_String_xy		CODE           	51BE	0000	64
		i2_fputc       		CODE           	4DE2	0000	172

shared estimated size: 1514

C:\Program Files\Microchip\xc8\v2.46\pic\sources\c99\common\putch.c
		_putch         		CODE           	551E	0000	2

C:\Program Files\Microchip\xc8\v2.46\pic\sources\c99\common\putch.c estimated size: 2

C:\Program Files\Microchip\xc8\v2.46\pic\sources\c99\common\Umul16.c
		___wmul        		CODE           	53C8	0000	42

C:\Program Files\Microchip\xc8\v2.46\pic\sources\c99\common\Umul16.c estimated size: 42

C:\Program Files\Microchip\xc8\v2.46\pic\sources\c99\common\abs.c
		_abs           		CODE           	5236	0000	54

C:\Program Files\Microchip\xc8\v2.46\pic\sources\c99\common\abs.c estimated size: 54

C:\Program Files\Microchip\xc8\v2.46\pic\sources\c99\common\awmod.c
		___awmod       		CODE           	4BD2	0000	178

C:\Program Files\Microchip\xc8\v2.46\pic\sources\c99\common\awmod.c estimated size: 178

./keypad.h
		_getValue      		CODE           	40B2	0000	528
		_initializePORTA		CODE           	54CE	0000	20
		_initializePORTC		CODE           	54F6	0000	12
		_getKeypad     		CODE           	4490	0000	458
		_initializeKeypad		CODE           	5502	0000	10

./keypad.h estimated size: 1028

main.c
		_main          		CODE           	481E	0000	288

main.c estimated size: 288

