Microchip MPLAB XC8 Compiler V2.46

Linker command line:

-W-3 \
  --edf=C:\Program Files\Microchip\xc8\v2.46\pic\dat\20240104201356_en.msgs \
  -cn -h+dist/default/production\FinalProject.production.sym \
  --cmf=dist/default/production\FinalProject.production.cmf -z -Q18F47K42 \
  -oC:\Users\James\AppData\Local\Temp\xcAsg64.\driver_tmp_3.o \
  --defsym=__MPLAB_BUILD=1 --fixupoverflow=error \
  -Mdist/default/production/FinalProject.production.map \
  --md=C:\Users\James\AppData\Local\Temp\xcAsg64.\driver_tmp_0.dat -E1 \
  -ver=XC8 Compiler --acfsm=1493 -ACODE=00h-01FFFFh -ACONST=00h-01FFFFh \
  -ASMALLCONST=02000h-020FFhx480 \
  -AMEDIUMCONST=02000h-0FFFFh,012000h-01FFFFh -ACOMRAM=01h-05Fh \
  -AABS1=00h-01FFFh -ABIGRAM=01h-01FFFh -ARAM=060h-0FFh,0100h-01FFhx31 \
  -ABANK0=060h-0FFh -ABANK1=0100h-01FFh -ABANK2=0200h-02FFh \
  -ABANK3=0300h-03FFh -ABANK4=0400h-04FFh -ABANK5=0500h-05FFh \
  -ABANK6=0600h-06FFh -ABANK7=0700h-07FFh -ABANK8=0800h-08FFh \
  -ABANK9=0900h-09FFh -ABANK10=0A00h-0AFFh -ABANK11=0B00h-0BFFh \
  -ABANK12=0C00h-0CFFh -ABANK13=0D00h-0DFFh -ABANK14=0E00h-0EFFh \
  -ABANK15=0F00h-0FFFh -ABANK16=01000h-010FFh -ABANK17=01100h-011FFh \
  -ABANK18=01200h-012FFh -ABANK19=01300h-013FFh -ABANK20=01400h-014FFh \
  -ABANK21=01500h-015FFh -ABANK22=01600h-016FFh -ABANK23=01700h-017FFh \
  -ABANK24=01800h-018FFh -ABANK25=01900h-019FFh -ABANK26=01A00h-01AFFh \
  -ABANK27=01B00h-01BFFh -ABANK28=01C00h-01CFFh -ABANK29=01D00h-01DFFh \
  -ABANK30=01E00h-01EFFh -ABANK31=01F00h-01FFFh \
  -ASFR=03800h-038FFhx7,03F00h-03F5Fh,03F60h-03FFFh -ABIGSFR=03800h-03FFFh \
  -ACONFIG=0300000h-0300009h -AIDLOC=0200000h-020000Fh \
  -AEEDATA=0310000h-03103FFh -peeprom_data=EEDATA -preset_vec=00h \
  -ppowerup=CODE,init -pramtop=02000h -psmallconst=SMALLCONST \
  -pmediumconst=MEDIUMCONST -pconst=CONST -AFARRAM=00h-00h \
  -prdata=COMRAM,nvrram=COMRAM,nvbit=COMRAM,rbss=COMRAM,rbit=COMRAM \
  -pfarbss=FARRAM,fardata=FARRAM,nvFARRAM=FARRAM \
  -pintsave_regs=BIGRAM,bigbss=BIGRAM,bigdata=BIGRAM -pbss=RAM \
  -pidata=CODE,irdata=CODE,ibigdata=CODE,ifardata=CODE -prparam=COMRAM \
  C:\Users\James\AppData\Local\Temp\xcAsg64.\driver_tmp_14.o \
  dist/default/production\FinalProject.production.o 

Object code version is 3.11

Machine type is 18F47K42



                Name                               Link     Load   Length Selector   Space Scale
C:\Users\James\AppData\Local\Temp\xcAsg64.\driver_tmp_14.o
                config                           300000   300000        A        0       4
                init                              1FFFC    1FFFC        4     FFFE       0
                reset_vec                             0        0        4        0       0
dist/default/production\FinalProject.production.o
                config                           300000   300000        A        0       4
                smallconst                         2000     2000       1C     1000       0
                text20                             284C     284C       4A     100E       0
                text19                             2A48     2A48       1E     100E       0
                text18                             29B0     29B0       2E     100E       0
                text17                             2A2A     2A2A       1E     100E       0
                text16                             27DA     27DA       72     100E       0
                text15                             28D6     28D6       40     100E       0
                text14                             29DE     29DE       2A     100E       0
                text13                             222C     222C      1CA     100E       0
                text12                             25BA     25BA       C4     100E       0
                text11                             267E     267E       B0     100E       0
                text10                             294A     294A       34     100E       0
                text9                              2A90     2A90        2     100E       0
                text8                              272E     272E       AC     100E       0
                text7                              23F6     23F6      1C4     100E       0
                text6                              2896     2896       40     100E       0
                text5                              2916     2916       34     100E       0
                text4                              201C     201C      210     100E       0
                text3                              2A66     2A66       14     100E       0
                text2                              2A7A     2A7A        C     100E       0
                text1                              2A86     2A86        A     100E       0
                text0                              297E     297E       32     100E       0
                cstackCOMRAM                          1        1       46        1       1
                bssBANK0                             60       60       20       60       1
                bssCOMRAM                            47       47        9        1       1
                cinit                              2A08     2A08       22     100E       0

TOTAL           Name                               Link     Load   Length     Space
        CLASS   CODE           
                init                              1FFFC    1FFFC        4         0
                reset_vec                             0        0        4         0
                text20                             284C     284C       4A         0
                text19                             2A48     2A48       1E         0
                text18                             29B0     29B0       2E         0
                text17                             2A2A     2A2A       1E         0
                text16                             27DA     27DA       72         0
                text15                             28D6     28D6       40         0
                text14                             29DE     29DE       2A         0
                text13                             222C     222C      1CA         0
                text12                             25BA     25BA       C4         0
                text11                             267E     267E       B0         0
                text10                             294A     294A       34         0
                text9                              2A90     2A90        2         0
                text8                              272E     272E       AC         0
                text7                              23F6     23F6      1C4         0
                text6                              2896     2896       40         0
                text5                              2916     2916       34         0
                text4                              201C     201C      210         0
                text3                              2A66     2A66       14         0
                text2                              2A7A     2A7A        C         0
                text1                              2A86     2A86        A         0
                text0                              297E     297E       32         0
                cinit                              2A08     2A08       22         0

        CLASS   CONST          

        CLASS   SMALLCONST     
                smallconst                         2000     2000       1C         0

        CLASS   MEDIUMCONST    

        CLASS   COMRAM         
                cstackCOMRAM                          1        1       46         1
                bssCOMRAM                            47       47        9         1

        CLASS   ABS1           

        CLASS   BIGRAM         

        CLASS   RAM            

        CLASS   BANK0          
                bssBANK0                             60       60       20         1

        CLASS   BANK1          

        CLASS   BANK2          

        CLASS   BANK3          

        CLASS   BANK4          

        CLASS   BANK5          

        CLASS   BANK6          

        CLASS   BANK7          

        CLASS   BANK8          

        CLASS   BANK9          

        CLASS   BANK10         

        CLASS   BANK11         

        CLASS   BANK12         

        CLASS   BANK13         

        CLASS   BANK14         

        CLASS   BANK15         

        CLASS   BANK16         

        CLASS   BANK17         

        CLASS   BANK18         

        CLASS   BANK19         

        CLASS   BANK20         

        CLASS   BANK21         

        CLASS   BANK22         

        CLASS   BANK23         

        CLASS   BANK24         

        CLASS   BANK25         

        CLASS   BANK26         

        CLASS   BANK27         

        CLASS   BANK28         

        CLASS   BANK29         

        CLASS   BANK30         

        CLASS   BANK31         

        CLASS   SFR            

        CLASS   BIGSFR         

        CLASS   CONFIG         
                config                           300000   300000        A         4

        CLASS   IDLOC          

        CLASS   EEDATA         

        CLASS   FARRAM         

        CLASS   HEAP           

        CLASS   STACK          



SEGMENTS        Name                           Load    Length   Top    Selector   Space  Class

                reset_vec                      000000  000004  000004         0       0  CODE    
                cstackCOMRAM                   000001  00004F  000050         1       1  COMRAM  
                bssBANK0                       000060  000020  000080        60       1  BANK0   
                smallconst                     002000  00001C  00201C      1000       0  SMALLCON
                text4                          00201C  000A76  002A92      100E       0  CODE    
                init                           01FFFC  000004  020000      FFFE       0  CODE    


UNUSED ADDRESS RANGES

        Name                Unused          Largest block    Delta
        BANK0            000080-0000FF               80
        BANK1            000100-0001FF              100
        BANK10           000A00-000AFF              100
        BANK11           000B00-000BFF              100
        BANK12           000C00-000CFF              100
        BANK13           000D00-000DFF              100
        BANK14           000E00-000EFF              100
        BANK15           000F00-000FFF              100
        BANK16           001000-0010FF              100
        BANK17           001100-0011FF              100
        BANK18           001200-0012FF              100
        BANK19           001300-0013FF              100
        BANK2            000200-0002FF              100
        BANK20           001400-0014FF              100
        BANK21           001500-0015FF              100
        BANK22           001600-0016FF              100
        BANK23           001700-0017FF              100
        BANK24           001800-0018FF              100
        BANK25           001900-0019FF              100
        BANK26           001A00-001AFF              100
        BANK27           001B00-001BFF              100
        BANK28           001C00-001CFF              100
        BANK29           001D00-001DFF              100
        BANK3            000300-0003FF              100
        BANK30           001E00-001EFF              100
        BANK31           001F00-001FFF              100
        BANK4            000400-0004FF              100
        BANK5            000500-0005FF              100
        BANK6            000600-0006FF              100
        BANK7            000700-0007FF              100
        BANK8            000800-0008FF              100
        BANK9            000900-0009FF              100
        BIGRAM           000050-00005F               10
                         000080-001FFF             1F80
        BIGSFR           003800-003FFF              800
        CODE             000004-001FFF             1FFC
                         002A92-01FFFB            1D56A
        COMRAM           000050-00005F               10
        CONST            000004-001FFF             1FFC
                         002A92-01FFFB            1D56A
        EEDATA           310000-3103FF              400
        IDLOC            200000-20000F               10
        MEDIUMCONST      002A92-00FFFF             D56E
                         012000-01FFFB             DFFC
        RAM              000080-001FFF              100
        SFR              003800-003FFF              100
        SMALLCONST       002A92-01FFFB              100

                                  Symbol Table

?___awdiv                 cstackCOMRAM 000001
?___awmod                 cstackCOMRAM 000001
?___wmul                  cstackCOMRAM 000001
?_abs                     cstackCOMRAM 000007
?_getKeypad               cstackCOMRAM 000001
?_getValue                cstackCOMRAM 00002B
?_sprintf                 cstackCOMRAM 00001A
?_vfprintf                cstackCOMRAM 000016
LCD_Char@dat              cstackCOMRAM 000007
LCD_Command@cmd           cstackCOMRAM 000007
LCD_String@msg            cstackCOMRAM 000008
LCD_String_xy@location    cstackCOMRAM 00000E
LCD_String_xy@msg         cstackCOMRAM 00000B
LCD_String_xy@pos         cstackCOMRAM 00000A
LCD_String_xy@row         cstackCOMRAM 00000D
MSdelay@i                 cstackCOMRAM 000003
MSdelay@j                 cstackCOMRAM 000005
MSdelay@val               cstackCOMRAM 000001
_ANSELA                   (abs)        003A40
_ANSELCbits               (abs)        003A60
_LATA                     (abs)        003FBA
_LATC2                    (abs)        01FDE2
_LATC3                    (abs)        01FDE3
_LATCbits                 (abs)        003FBC
_LATD                     (abs)        003FBD
_LCD_Char                 text17       002A2A
_LCD_Command              text19       002A48
_LCD_Init                 text18       0029B0
_LCD_String               text16       0027DA
_LCD_String_xy            text15       0028D6
_MSdelay                  text20       00284C
_PORTA                    (abs)        003FCA
_PORTAbits                (abs)        003FCA
_PORTCbits                (abs)        003FCC
_TRISA                    (abs)        003FC2
_TRISCbits                (abs)        003FC4
_TRISD                    (abs)        003FC5
__HRAM                    (abs)        000000
__H__absolute__           __absolute__ 000000
__Habs1                   abs1         000000
__Hbank0                  bank0        000000
__Hbank1                  bank1        000000
__Hbank10                 bank10       000000
__Hbank11                 bank11       000000
__Hbank12                 bank12       000000
__Hbank13                 bank13       000000
__Hbank14                 bank14       000000
__Hbank15                 bank15       000000
__Hbank16                 bank16       000000
__Hbank17                 bank17       000000
__Hbank18                 bank18       000000
__Hbank19                 bank19       000000
__Hbank2                  bank2        000000
__Hbank20                 bank20       000000
__Hbank21                 bank21       000000
__Hbank22                 bank22       000000
__Hbank23                 bank23       000000
__Hbank24                 bank24       000000
__Hbank25                 bank25       000000
__Hbank26                 bank26       000000
__Hbank27                 bank27       000000
__Hbank28                 bank28       000000
__Hbank29                 bank29       000000
__Hbank3                  bank3        000000
__Hbank30                 bank30       000000
__Hbank31                 bank31       000000
__Hbank4                  bank4        000000
__Hbank5                  bank5        000000
__Hbank6                  bank6        000000
__Hbank7                  bank7        000000
__Hbank8                  bank8        000000
__Hbank9                  bank9        000000
__Hbigbss                 bigbss       000000
__Hbigdata                bigdata      000000
__Hbigram                 bigram       000000
__Hbigsfr                 bigsfr       000000
__Hbss                    bss          000000
__HbssBANK0               bssBANK0     000000
__HbssCOMRAM              bssCOMRAM    000000
__Hcinit                  cinit        000000
__Hclrtext                clrtext      000000
__Hcomram                 comram       000000
__Hconfig                 config       30000A
__Hconst                  const        000000
__HcstackCOMRAM           cstackCOMRAM 000000
__Hdata                   data         000000
__Heeprom_data            eeprom_data  000000
__Hfarbss                 farbss       000000
__Hfardata                fardata      000000
__Hheap                   heap         000000
__Hibigdata               ibigdata     000000
__Hidata                  idata        000000
__Hidloc                  idloc        000000
__Hifardata               ifardata     000000
__Hinit                   init         020000
__Hintsave_regs           intsave_regs 000000
__Hirdata                 irdata       000000
__Hmediumconst            mediumconst  000000
__HnvFARRAM               nvFARRAM     000000
__Hnvbit                  nvbit        000000
__Hnvrram                 nvrram       000000
__Hparam                  rparam       000000
__Hpowerup                powerup      000000
__Hram                    ram          000000
__Hramtop                 ramtop       002000
__Hrbit                   rbit         000000
__Hrbss                   rbss         000000
__Hrdata                  rdata        000000
__Hreset_vec              reset_vec    000004
__Hrparam                 rparam       000000
__Hsfr                    sfr          000000
__Hsmallconst             smallconst   00201C
__Hspace_0                (abs)        020000
__Hspace_1                (abs)        000080
__Hspace_2                (abs)        000000
__Hspace_4                (abs)        60000A
__Hstack                  stack        000000
__Hstruct                 struct       000000
__Htemp                   temp         000000
__Htext                   text         000000
__Htext0                  text0        000000
__Htext1                  text1        000000
__Htext10                 text10       000000
__Htext11                 text11       000000
__Htext12                 text12       000000
__Htext13                 text13       000000
__Htext14                 text14       000000
__Htext15                 text15       000000
__Htext16                 text16       000000
__Htext17                 text17       000000
__Htext18                 text18       000000
__Htext19                 text19       000000
__Htext2                  text2        000000
__Htext20                 text20       000000
__Htext3                  text3        000000
__Htext4                  text4        000000
__Htext5                  text5        000000
__Htext6                  text6        000000
__Htext7                  text7        000000
__Htext8                  text8        000000
__Htext9                  text9        000000
__LRAM                    (abs)        000001
__L__absolute__           __absolute__ 000000
__Labs1                   abs1         000000
__Lbank0                  bank0        000000
__Lbank1                  bank1        000000
__Lbank10                 bank10       000000
__Lbank11                 bank11       000000
__Lbank12                 bank12       000000
__Lbank13                 bank13       000000
__Lbank14                 bank14       000000
__Lbank15                 bank15       000000
__Lbank16                 bank16       000000
__Lbank17                 bank17       000000
__Lbank18                 bank18       000000
__Lbank19                 bank19       000000
__Lbank2                  bank2        000000
__Lbank20                 bank20       000000
__Lbank21                 bank21       000000
__Lbank22                 bank22       000000
__Lbank23                 bank23       000000
__Lbank24                 bank24       000000
__Lbank25                 bank25       000000
__Lbank26                 bank26       000000
__Lbank27                 bank27       000000
__Lbank28                 bank28       000000
__Lbank29                 bank29       000000
__Lbank3                  bank3        000000
__Lbank30                 bank30       000000
__Lbank31                 bank31       000000
__Lbank4                  bank4        000000
__Lbank5                  bank5        000000
__Lbank6                  bank6        000000
__Lbank7                  bank7        000000
__Lbank8                  bank8        000000
__Lbank9                  bank9        000000
__Lbigbss                 bigbss       000000
__Lbigdata                bigdata      000000
__Lbigram                 bigram       000000
__Lbigsfr                 bigsfr       000000
__Lbss                    bss          000000
__LbssBANK0               bssBANK0     000000
__LbssCOMRAM              bssCOMRAM    000000
__Lcinit                  cinit        000000
__Lclrtext                clrtext      000000
__Lcomram                 comram       000000
__Lconfig                 config       000000
__Lconst                  const        000000
__LcstackCOMRAM           cstackCOMRAM 000000
__Ldata                   data         000000
__Leeprom_data            eeprom_data  000000
__Lfarbss                 farbss       000000
__Lfardata                fardata      000000
__Lheap                   heap         000000
__Libigdata               ibigdata     000000
__Lidata                  idata        000000
__Lidloc                  idloc        000000
__Lifardata               ifardata     000000
__Linit                   init         01FFFC
__Lintsave_regs           intsave_regs 000000
__Lirdata                 irdata       000000
__Lmediumconst            mediumconst  000000
__LnvFARRAM               nvFARRAM     000000
__Lnvbit                  nvbit        000000
__Lnvrram                 nvrram       000000
__Lparam                  rparam       000000
__Lpowerup                powerup      000000
__Lram                    ram          000000
__Lramtop                 ramtop       002000
__Lrbit                   rbit         000000
__Lrbss                   rbss         000000
__Lrdata                  rdata        000000
__Lreset_vec              reset_vec    000000
__Lrparam                 rparam       000000
__Lsfr                    sfr          000000
__Lsmallconst             smallconst   002000
__Lspace_0                (abs)        000000
__Lspace_1                (abs)        000000
__Lspace_2                (abs)        000000
__Lspace_4                (abs)        000000
__Lstack                  stack        000000
__Lstruct                 struct       000000
__Ltemp                   temp         000000
__Ltext                   text         000000
__Ltext0                  text0        000000
__Ltext1                  text1        000000
__Ltext10                 text10       000000
__Ltext11                 text11       000000
__Ltext12                 text12       000000
__Ltext13                 text13       000000
__Ltext14                 text14       000000
__Ltext15                 text15       000000
__Ltext16                 text16       000000
__Ltext17                 text17       000000
__Ltext18                 text18       000000
__Ltext19                 text19       000000
__Ltext2                  text2        000000
__Ltext20                 text20       000000
__Ltext3                  text3        000000
__Ltext4                  text4        000000
__Ltext5                  text5        000000
__Ltext6                  text6        000000
__Ltext7                  text7        000000
__Ltext8                  text8        000000
__Ltext9                  text9        000000
__S0                      (abs)        020000
__S1                      (abs)        000080
__S4                      (abs)        000000
__S5                      (abs)        000000
___awdiv                  text12       0025BA
___awdiv@counter          cstackCOMRAM 000005
___awdiv@dividend         cstackCOMRAM 000001
___awdiv@divisor          cstackCOMRAM 000003
___awdiv@quotient         cstackCOMRAM 000007
___awdiv@sign             cstackCOMRAM 000006
___awmod                  text11       00267E
___awmod@counter          cstackCOMRAM 000005
___awmod@dividend         cstackCOMRAM 000001
___awmod@divisor          cstackCOMRAM 000003
___awmod@sign             cstackCOMRAM 000006
___heap_hi                (abs)        000000
___heap_lo                (abs)        000000
___inthi_sp               stack        000000
___inthi_stack_hi         stack        000000
___inthi_stack_lo         stack        000000
___intlo_sp               stack        000000
___intlo_stack_hi         stack        000000
___intlo_stack_lo         stack        000000
___param_bank             (abs)        000000
___rparam_used            (abs)        000001
___sp                     stack        000000
___stack_hi               stack        000000
___stack_lo               stack        000000
___wmul                   text14       0029DE
___wmul@multiplicand      cstackCOMRAM 000003
___wmul@multiplier        cstackCOMRAM 000001
___wmul@product           cstackCOMRAM 000005
__accesstop               (abs)        000060
__activetblptr            (abs)        000002
__end_of_LCD_Char         text17       002A48
__end_of_LCD_Command      text19       002A66
__end_of_LCD_Init         text18       0029DE
__end_of_LCD_String       text16       00284C
__end_of_LCD_String_xy    text15       002916
__end_of_MSdelay          text20       002896
__end_of___awdiv          text12       00267E
__end_of___awmod          text11       00272E
__end_of___wmul           text14       002A08
__end_of__initialization  cinit        002A20
__end_of_abs              text10       00297E
__end_of_fputc            text8        0027DA
__end_of_getKeypad        text13       0023F6
__end_of_getValue         text4        00222C
__end_of_initializeKeypad text1        002A90
__end_of_initializePORTA  text3        002A7A
__end_of_initializePORTC  text2        002A86
__end_of_main             text0        0029B0
__end_of_putch            text9        002A92
__end_of_sprintf          text5        00294A
__end_of_vfpfcnvrt        text7        0025BA
__end_of_vfprintf         text6        0028D6
__initialization          cinit        002A08
__mediumconst             mediumconst  000000
__pbssBANK0               bssBANK0     000060
__pbssCOMRAM              bssCOMRAM    000047
__pcinit                  cinit        002A08
__pcstackCOMRAM           cstackCOMRAM 000001
__psmallconst             smallconst   002000
__ptext0                  text0        00297E
__ptext1                  text1        002A86
__ptext10                 text10       00294A
__ptext11                 text11       00267E
__ptext12                 text12       0025BA
__ptext13                 text13       00222C
__ptext14                 text14       0029DE
__ptext15                 text15       0028D6
__ptext16                 text16       0027DA
__ptext17                 text17       002A2A
__ptext18                 text18       0029B0
__ptext19                 text19       002A48
__ptext2                  text2        002A7A
__ptext20                 text20       00284C
__ptext3                  text3        002A66
__ptext4                  text4        00201C
__ptext5                  text5        002916
__ptext6                  text6        002896
__ptext7                  text7        0023F6
__ptext8                  text8        00272E
__ptext9                  text9        002A90
__ramtop                  ramtop       002000
__smallconst              smallconst   002000
_abs                      text10       00294A
_dbuf                     bssBANK0     000060
_flags                    bssCOMRAM    00004F
_fputc                    text8        00272E
_getKeypad                text13       00222C
_getValue                 text4        00201C
_initializeKeypad         text1        002A86
_initializePORTA          text3        002A66
_initializePORTC          text2        002A7A
_main                     text0        00297E
_password                 bssCOMRAM    00004B
_prec                     bssCOMRAM    000049
_putch                    text9        002A90
_sprintf                  text5        002916
_userGuess                bssCOMRAM    00004D
_vfpfcnvrt                text7        0023F6
_vfprintf                 text6        002896
_width                    bssCOMRAM    000047
abs@a                     cstackCOMRAM 000007
end_of_initialization     cinit        002A20
fputc@c                   cstackCOMRAM 000001
fputc@fp                  cstackCOMRAM 000003
getKeypad@buttonNumber    cstackCOMRAM 000003
getValue@data             cstackCOMRAM 000033
getValue@decimalValue     cstackCOMRAM 00003D
getValue@value1           cstackCOMRAM 00003F
getValue@value2           cstackCOMRAM 000041
getValue@value3           cstackCOMRAM 000043
getValue@value4           cstackCOMRAM 000045
intlevel0                 text         000000
intlevel1                 text         000000
intlevel2                 text         000000
intlevel3                 text         000000
isa$std                   (abs)        000001
isa$xinst                 (abs)        000000
sprintf@ap                cstackCOMRAM 00001E
sprintf@f                 cstackCOMRAM 00001F
sprintf@fmt               cstackCOMRAM 00001B
sprintf@s                 cstackCOMRAM 00001A
stackhi                   (abs)        000000
stacklo                   (abs)        000000
start                     init         01FFFC
start_initialization      cinit        002A08
vfpfcnvrt@ap              cstackCOMRAM 00000D
vfpfcnvrt@c               cstackCOMRAM 000015
vfpfcnvrt@convarg         cstackCOMRAM 000011
vfpfcnvrt@cp              cstackCOMRAM 000010
vfpfcnvrt@done            cstackCOMRAM 00000F
vfpfcnvrt@fmt             cstackCOMRAM 00000C
vfpfcnvrt@fp              cstackCOMRAM 00000B
vfprintf@ap               cstackCOMRAM 000018
vfprintf@cfmt             cstackCOMRAM 000019
vfprintf@fmt              cstackCOMRAM 000017
vfprintf@fp               cstackCOMRAM 000016


MODULE INFORMATION

Module		Function		Class		Link	Load	Size
C:\Program Files\Microchip\xc8\v2.46\pic\sources\c99\common\nf_fputc.c
		_fputc         		CODE           	272E	0000	172

C:\Program Files\Microchip\xc8\v2.46\pic\sources\c99\common\nf_fputc.c estimated size: 172

C:\Program Files\Microchip\xc8\v2.46\pic\sources\c99\common\awdiv.c
		___awdiv       		CODE           	25BA	0000	196

C:\Program Files\Microchip\xc8\v2.46\pic\sources\c99\common\awdiv.c estimated size: 196

./LCD.h
		_LCD_String    		CODE           	27DA	0000	114
		_LCD_Init      		CODE           	29B0	0000	46
		_LCD_Command   		CODE           	2A48	0000	30
		_LCD_String_xy 		CODE           	28D6	0000	64
		_LCD_Char      		CODE           	2A2A	0000	30
		_MSdelay       		CODE           	284C	0000	74

./LCD.h estimated size: 358

C:\Program Files\Microchip\xc8\v2.46\pic\sources\c99\common\doprnt.c
		_vfpfcnvrt     		CODE           	23F6	0000	452
		_vfprintf      		CODE           	2896	0000	64

C:\Program Files\Microchip\xc8\v2.46\pic\sources\c99\common\doprnt.c estimated size: 516

C:\Program Files\Microchip\xc8\v2.46\pic\sources\c99\common\nf_sprintf.c
		_sprintf       		CODE           	2916	0000	52

C:\Program Files\Microchip\xc8\v2.46\pic\sources\c99\common\nf_sprintf.c estimated size: 52

shared
		__initialization		CODE           	2A08	0000	24

shared estimated size: 24

C:\Program Files\Microchip\xc8\v2.46\pic\sources\c99\common\putch.c
		_putch         		CODE           	2A90	0000	2

C:\Program Files\Microchip\xc8\v2.46\pic\sources\c99\common\putch.c estimated size: 2

C:\Program Files\Microchip\xc8\v2.46\pic\sources\c99\common\Umul16.c
		___wmul        		CODE           	29DE	0000	42

C:\Program Files\Microchip\xc8\v2.46\pic\sources\c99\common\Umul16.c estimated size: 42

C:\Program Files\Microchip\xc8\v2.46\pic\sources\c99\common\abs.c
		_abs           		CODE           	294A	0000	52

C:\Program Files\Microchip\xc8\v2.46\pic\sources\c99\common\abs.c estimated size: 52

C:\Program Files\Microchip\xc8\v2.46\pic\sources\c99\common\awmod.c
		___awmod       		CODE           	267E	0000	176

C:\Program Files\Microchip\xc8\v2.46\pic\sources\c99\common\awmod.c estimated size: 176

./keypad.h
		_getValue      		CODE           	201C	0000	528
		_initializePORTA		CODE           	2A66	0000	20
		_initializePORTC		CODE           	2A7A	0000	12
		_getKeypad     		CODE           	222C	0000	458
		_initializeKeypad		CODE           	2A86	0000	10

./keypad.h estimated size: 1028

main.c
		_main          		CODE           	297E	0000	50

main.c estimated size: 50

