Microchip MPLAB XC8 Compiler V2.46

Linker command line:

-W-3 \
  --edf=C:\Program Files\Microchip\xc8\v2.46\pic\dat\20240104201356_en.msgs \
  -pivt0x4008=04008h -cn \
  -h+dist/default/production\Assignment8.production.sym \
  --cmf=dist/default/production\Assignment8.production.cmf -z -Q18F47K42 \
  -oC:\Users\James\AppData\Local\Temp\xcAsho4.\driver_tmp_3.o \
  --defsym=__MPLAB_BUILD=1 --fixupoverflow=error \
  -Mdist/default/production/Assignment8.production.map \
  --md=C:\Users\James\AppData\Local\Temp\xcAsho4.\driver_tmp_0.dat -E1 \
  -ver=XC8 Compiler --acfsm=1493 -ACODE=00h-01FFFFh -ACONST=00h-01FFFFh \
  -ASMALLCONST=02000h-020FFhx480 \
  -AMEDIUMCONST=02000h-0FFFFh,012000h-01FFFFh -ACOMRAM=01h-05Fh \
  -AABS1=00h-01FFFh -ABIGRAM=01h-01FFFh -ARAM=060h-0FFh,0100h-01FFhx31 \
  -ABANK0=060h-0FFh -ABANK1=0100h-01FFh -ABANK2=0200h-02FFh \
  -ABANK3=0300h-03FFh -ABANK4=0400h-04FFh -ABANK5=0500h-05FFh \
  -ABANK6=0600h-06FFh -ABANK7=0700h-07FFh -ABANK8=0800h-08FFh \
  -ABANK9=0900h-09FFh -ABANK10=0A00h-0AFFh -ABANK11=0B00h-0BFFh \
  -ABANK12=0C00h-0CFFh -ABANK13=0D00h-0DFFh -ABANK14=0E00h-0EFFh \
  -ABANK15=0F00h-0FFFh -ABANK16=01000h-010FFh -ABANK17=01100h-011FFh \
  -ABANK18=01200h-012FFh -ABANK19=01300h-013FFh -ABANK20=01400h-014FFh \
  -ABANK21=01500h-015FFh -ABANK22=01600h-016FFh -ABANK23=01700h-017FFh \
  -ABANK24=01800h-018FFh -ABANK25=01900h-019FFh -ABANK26=01A00h-01AFFh \
  -ABANK27=01B00h-01BFFh -ABANK28=01C00h-01CFFh -ABANK29=01D00h-01DFFh \
  -ABANK30=01E00h-01EFFh -ABANK31=01F00h-01FFFh \
  -ASFR=03800h-038FFhx7,03F00h-03F5Fh,03F60h-03FFFh -ABIGSFR=03800h-03FFFh \
  -ACONFIG=0300000h-0300009h -AIDLOC=0200000h-020000Fh \
  -AEEDATA=0310000h-03103FFh -peeprom_data=EEDATA -preset_vec=00h \
  -ppowerup=CODE,init -pramtop=02000h -psmallconst=SMALLCONST \
  -pmediumconst=MEDIUMCONST -pconst=CONST -AFARRAM=00h-00h \
  -prdata=COMRAM,nvrram=COMRAM,nvbit=COMRAM,rbss=COMRAM,rbit=COMRAM \
  -pfarbss=FARRAM,fardata=FARRAM,nvFARRAM=FARRAM \
  -pintsave_regs=BIGRAM,bigbss=BIGRAM,bigdata=BIGRAM -pbss=RAM \
  -pidata=CODE,irdata=CODE,ibigdata=CODE,ifardata=CODE -prparam=COMRAM \
  C:\Users\James\AppData\Local\Temp\xcAsho4.\driver_tmp_9.o \
  dist/default/production\Assignment8.production.o 

Object code version is 3.11

Machine type is 18F47K42



                Name                               Link     Load   Length Selector   Space Scale
C:\Users\James\AppData\Local\Temp\xcAsho4.\driver_tmp_9.o
                config                           300000   300000        A        0       4
                init                               40AE     40AE        4     2004       0
                reset_vec                             0        0        4        0       0
dist/default/production\Assignment8.production.o
                config                           300000   300000        A        0       4
                smallconst                         2000     2000        2     1000       0
                ivt0x4008                          4008     4008       A6     2004       0
                text12                             4390     4390       B0     10E4       0
                text11                             449E     449E       54     10E4       0
                text10                             40B2     40B2      186     2004       0
                text9                              4440     4440       5E     10E4       0
                text8                              4532     4532       1E     10E4       0
                text7                              45A8     45A8       14     10E4       0
                text6                              4568     4568       18     10E4       0
                text5                              4594     4594       14     10E4       0
                text4                              4580     4580       14     10E4       0
                text3                              45BC     45BC       12     10E4       0
                text2                              45DA     45DA        C     10E4       0
                text1                              4238     4238      156     2004       0
                text0                              4550     4550       18     10E4       0
                cstackCOMRAM                         18       18        7        1       1
                dataCOMRAM                            1        1        C        1       1
                bssCOMRAM                             D        D        B        1       1
                cinit                              44F2     44F2       40     10E4       0
                idataCOMRAM                        45CE     45CE        C     10E4       0

TOTAL           Name                               Link     Load   Length     Space
        CLASS   CODE           
                init                               40AE     40AE        4         0
                reset_vec                             0        0        4         0
                ivt0x4008                          4008     4008       A6         0
                text12                             4390     4390       B0         0
                text11                             449E     449E       54         0
                text10                             40B2     40B2      186         0
                text9                              4440     4440       5E         0
                text8                              4532     4532       1E         0
                text7                              45A8     45A8       14         0
                text6                              4568     4568       18         0
                text5                              4594     4594       14         0
                text4                              4580     4580       14         0
                text3                              45BC     45BC       12         0
                text2                              45DA     45DA        C         0
                text1                              4238     4238      156         0
                text0                              4550     4550       18         0
                cinit                              44F2     44F2       40         0
                idataCOMRAM                        45CE     45CE        C         0

        CLASS   CONST          

        CLASS   SMALLCONST     
                smallconst                         2000     2000        2         0

        CLASS   MEDIUMCONST    

        CLASS   COMRAM         
                cstackCOMRAM                         18       18        7         1
                dataCOMRAM                            1        1        C         1
                bssCOMRAM                             D        D        B         1

        CLASS   ABS1           

        CLASS   BIGRAM         

        CLASS   RAM            

        CLASS   BANK0          

        CLASS   BANK1          

        CLASS   BANK2          

        CLASS   BANK3          

        CLASS   BANK4          

        CLASS   BANK5          

        CLASS   BANK6          

        CLASS   BANK7          

        CLASS   BANK8          

        CLASS   BANK9          

        CLASS   BANK10         

        CLASS   BANK11         

        CLASS   BANK12         

        CLASS   BANK13         

        CLASS   BANK14         

        CLASS   BANK15         

        CLASS   BANK16         

        CLASS   BANK17         

        CLASS   BANK18         

        CLASS   BANK19         

        CLASS   BANK20         

        CLASS   BANK21         

        CLASS   BANK22         

        CLASS   BANK23         

        CLASS   BANK24         

        CLASS   BANK25         

        CLASS   BANK26         

        CLASS   BANK27         

        CLASS   BANK28         

        CLASS   BANK29         

        CLASS   BANK30         

        CLASS   BANK31         

        CLASS   SFR            

        CLASS   BIGSFR         

        CLASS   CONFIG         
                config                           300000   300000        A         4

        CLASS   IDLOC          

        CLASS   EEDATA         

        CLASS   FARRAM         

        CLASS   HEAP           

        CLASS   STACK          



SEGMENTS        Name                           Load    Length   Top    Selector   Space  Class

                reset_vec                      000000  000004  000004         0       0  CODE    
                dataCOMRAM                     000001  00001E  00001F         1       1  COMRAM  
                smallconst                     002000  000002  002002      1000       0  SMALLCON
                ivt0x4008                      004008  000386  00438E      2004       0  CODE    
                text12                         004390  000256  0045E6      10E4       0  CODE    


UNUSED ADDRESS RANGES

        Name                Unused          Largest block    Delta
        BANK0            000060-0000FF               A0
        BANK1            000100-0001FF              100
        BANK10           000A00-000AFF              100
        BANK11           000B00-000BFF              100
        BANK12           000C00-000CFF              100
        BANK13           000D00-000DFF              100
        BANK14           000E00-000EFF              100
        BANK15           000F00-000FFF              100
        BANK16           001000-0010FF              100
        BANK17           001100-0011FF              100
        BANK18           001200-0012FF              100
        BANK19           001300-0013FF              100
        BANK2            000200-0002FF              100
        BANK20           001400-0014FF              100
        BANK21           001500-0015FF              100
        BANK22           001600-0016FF              100
        BANK23           001700-0017FF              100
        BANK24           001800-0018FF              100
        BANK25           001900-0019FF              100
        BANK26           001A00-001AFF              100
        BANK27           001B00-001BFF              100
        BANK28           001C00-001CFF              100
        BANK29           001D00-001DFF              100
        BANK3            000300-0003FF              100
        BANK30           001E00-001EFF              100
        BANK31           001F00-001FFF              100
        BANK4            000400-0004FF              100
        BANK5            000500-0005FF              100
        BANK6            000600-0006FF              100
        BANK7            000700-0007FF              100
        BANK8            000800-0008FF              100
        BANK9            000900-0009FF              100
        BIGRAM           00001F-001FFF             1FE1
        BIGSFR           003800-003FFF              800
        CODE             000004-001FFF             1FFC
                         002002-004007             2006
                         00438E-00438F                2
                         0045E6-01FFFF            1BA1A
        COMRAM           00001F-00005F               41
        CONST            000004-001FFF             1FFC
                         002002-004007             2006
                         00438E-00438F                2
                         0045E6-01FFFF            1BA1A
        EEDATA           310000-3103FF              400
        IDLOC            200000-20000F               10
        MEDIUMCONST      002002-004007             2006
                         00438E-00438F                2
                         0045E6-00FFFF             BA1A
                         012000-01FFFF             E000
        RAM              000060-001FFF              100
        SFR              003800-003FFF              100
        SMALLCONST       002002-004007              100
                         00438E-00438F                2
                         0045E6-01FFFF              100

                                  Symbol Table

IVTBASEH                      (abs)        003FD6
IVTBASEL                      (abs)        003FD5
IVTBASEU                      (abs)        003FD7
_ANSELA                       (abs)        003A40
_ANSELB                       (abs)        003A50
_ANSELC                       (abs)        003A60
_ANSELD                       (abs)        003A70
_INT2_ISR                     text12       004390
_INTCON0bits                  (abs)        003FD2
_INTERRUPT_Initialize         text8        004532
_IPR7bits                     (abs)        003987
_IVTBASEH                     (abs)        003FD6
_IVTBASEL                     (abs)        003FD5
_IVTBASEU                     (abs)        003FD7
_LATA                         (abs)        003FBA
_LATB                         (abs)        003FBB
_LATC                         (abs)        003FBC
_LATD                         (abs)        003FBD
_PIE7bits                     (abs)        003997
_PIR7bits                     (abs)        0039A7
_PORTA                        (abs)        003FCA
_PORTAbits                    (abs)        003FCA
_PORTB                        (abs)        003FCB
_PORTBbits                    (abs)        003FCB
_PORTC                        (abs)        003FCC
_PORTD                        (abs)        003FCD
_SECRET_CODE                  bssCOMRAM    00000F
_TRISA                        (abs)        003FC2
_TRISB                        (abs)        003FC3
_TRISC                        (abs)        003FC4
_TRISD                        (abs)        003FC5
_USER_GUESS                   bssCOMRAM    00000D
_WPUB                         (abs)        003A51
__HRAM                        (abs)        000000
__H__absolute__               __absolute__ 000000
__Habs1                       abs1         000000
__Hbank0                      bank0        000000
__Hbank1                      bank1        000000
__Hbank10                     bank10       000000
__Hbank11                     bank11       000000
__Hbank12                     bank12       000000
__Hbank13                     bank13       000000
__Hbank14                     bank14       000000
__Hbank15                     bank15       000000
__Hbank16                     bank16       000000
__Hbank17                     bank17       000000
__Hbank18                     bank18       000000
__Hbank19                     bank19       000000
__Hbank2                      bank2        000000
__Hbank20                     bank20       000000
__Hbank21                     bank21       000000
__Hbank22                     bank22       000000
__Hbank23                     bank23       000000
__Hbank24                     bank24       000000
__Hbank25                     bank25       000000
__Hbank26                     bank26       000000
__Hbank27                     bank27       000000
__Hbank28                     bank28       000000
__Hbank29                     bank29       000000
__Hbank3                      bank3        000000
__Hbank30                     bank30       000000
__Hbank31                     bank31       000000
__Hbank4                      bank4        000000
__Hbank5                      bank5        000000
__Hbank6                      bank6        000000
__Hbank7                      bank7        000000
__Hbank8                      bank8        000000
__Hbank9                      bank9        000000
__Hbigbss                     bigbss       000000
__Hbigdata                    bigdata      000000
__Hbigram                     bigram       000000
__Hbigsfr                     bigsfr       000000
__Hbss                        bss          000000
__HbssCOMRAM                  bssCOMRAM    000000
__Hcinit                      cinit        000000
__Hclrtext                    clrtext      000000
__Hcomram                     comram       000000
__Hconfig                     config       30000A
__Hconst                      const        000000
__HcstackCOMRAM               cstackCOMRAM 000000
__Hdata                       data         000000
__HdataCOMRAM                 dataCOMRAM   000000
__Heeprom_data                eeprom_data  000000
__Hfarbss                     farbss       000000
__Hfardata                    fardata      000000
__Hheap                       heap         000000
__Hibigdata                   ibigdata     000000
__Hidata                      idata        000000
__HidataCOMRAM                idataCOMRAM  000000
__Hidloc                      idloc        000000
__Hifardata                   ifardata     000000
__Hinit                       init         0040B2
__Hintsave_regs               intsave_regs 000000
__Hirdata                     irdata       000000
__Hivt0x4008                  ivt0x4008    0040AE
__Hmediumconst                mediumconst  000000
__HnvFARRAM                   nvFARRAM     000000
__Hnvbit                      nvbit        000000
__Hnvrram                     nvrram       000000
__Hparam                      rparam       000000
__Hpowerup                    powerup      000000
__Hram                        ram          000000
__Hramtop                     ramtop       002000
__Hrbit                       rbit         000000
__Hrbss                       rbss         000000
__Hrdata                      rdata        000000
__Hreset_vec                  reset_vec    000004
__Hrparam                     rparam       000000
__Hsfr                        sfr          000000
__Hsmallconst                 smallconst   002002
__Hspace_0                    (abs)        0045E6
__Hspace_1                    (abs)        00001F
__Hspace_2                    (abs)        000000
__Hspace_4                    (abs)        60000A
__Hstack                      stack        000000
__Hstruct                     struct       000000
__Htemp                       temp         000000
__Htext                       text         000000
__Htext0                      text0        000000
__Htext1                      text1        000000
__Htext10                     text10       000000
__Htext11                     text11       000000
__Htext12                     text12       000000
__Htext2                      text2        000000
__Htext3                      text3        000000
__Htext4                      text4        000000
__Htext5                      text5        000000
__Htext6                      text6        000000
__Htext7                      text7        000000
__Htext8                      text8        000000
__Htext9                      text9        000000
__LRAM                        (abs)        000001
__L__absolute__               __absolute__ 000000
__Labs1                       abs1         000000
__Lbank0                      bank0        000000
__Lbank1                      bank1        000000
__Lbank10                     bank10       000000
__Lbank11                     bank11       000000
__Lbank12                     bank12       000000
__Lbank13                     bank13       000000
__Lbank14                     bank14       000000
__Lbank15                     bank15       000000
__Lbank16                     bank16       000000
__Lbank17                     bank17       000000
__Lbank18                     bank18       000000
__Lbank19                     bank19       000000
__Lbank2                      bank2        000000
__Lbank20                     bank20       000000
__Lbank21                     bank21       000000
__Lbank22                     bank22       000000
__Lbank23                     bank23       000000
__Lbank24                     bank24       000000
__Lbank25                     bank25       000000
__Lbank26                     bank26       000000
__Lbank27                     bank27       000000
__Lbank28                     bank28       000000
__Lbank29                     bank29       000000
__Lbank3                      bank3        000000
__Lbank30                     bank30       000000
__Lbank31                     bank31       000000
__Lbank4                      bank4        000000
__Lbank5                      bank5        000000
__Lbank6                      bank6        000000
__Lbank7                      bank7        000000
__Lbank8                      bank8        000000
__Lbank9                      bank9        000000
__Lbigbss                     bigbss       000000
__Lbigdata                    bigdata      000000
__Lbigram                     bigram       000000
__Lbigsfr                     bigsfr       000000
__Lbss                        bss          000000
__LbssCOMRAM                  bssCOMRAM    000000
__Lcinit                      cinit        000000
__Lclrtext                    clrtext      000000
__Lcomram                     comram       000000
__Lconfig                     config       000000
__Lconst                      const        000000
__LcstackCOMRAM               cstackCOMRAM 000000
__Ldata                       data         000000
__LdataCOMRAM                 dataCOMRAM   000000
__Leeprom_data                eeprom_data  000000
__Lfarbss                     farbss       000000
__Lfardata                    fardata      000000
__Lheap                       heap         000000
__Libigdata                   ibigdata     000000
__Lidata                      idata        000000
__LidataCOMRAM                idataCOMRAM  000000
__Lidloc                      idloc        000000
__Lifardata                   ifardata     000000
__Linit                       init         0040AE
__Lintsave_regs               intsave_regs 000000
__Lirdata                     irdata       000000
__Livt0x4008                  ivt0x4008    004008
__Lmediumconst                mediumconst  000000
__LnvFARRAM                   nvFARRAM     000000
__Lnvbit                      nvbit        000000
__Lnvrram                     nvrram       000000
__Lparam                      rparam       000000
__Lpowerup                    powerup      000000
__Lram                        ram          000000
__Lramtop                     ramtop       002000
__Lrbit                       rbit         000000
__Lrbss                       rbss         000000
__Lrdata                      rdata        000000
__Lreset_vec                  reset_vec    000000
__Lrparam                     rparam       000000
__Lsfr                        sfr          000000
__Lsmallconst                 smallconst   002000
__Lspace_0                    (abs)        000000
__Lspace_1                    (abs)        000000
__Lspace_2                    (abs)        000000
__Lspace_4                    (abs)        000000
__Lstack                      stack        000000
__Lstruct                     struct       000000
__Ltemp                       temp         000000
__Ltext                       text         000000
__Ltext0                      text0        000000
__Ltext1                      text1        000000
__Ltext10                     text10       000000
__Ltext11                     text11       000000
__Ltext12                     text12       000000
__Ltext2                      text2        000000
__Ltext3                      text3        000000
__Ltext4                      text4        000000
__Ltext5                      text5        000000
__Ltext6                      text6        000000
__Ltext7                      text7        000000
__Ltext8                      text8        000000
__Ltext9                      text9        000000
__S0                          (abs)        0045E6
__S1                          (abs)        00001F
__S4                          (abs)        000000
__S5                          (abs)        000000
___heap_hi                    (abs)        000000
___heap_lo                    (abs)        000000
___inthi_sp                   stack        000000
___inthi_stack_hi             stack        000000
___inthi_stack_lo             stack        000000
___intlo_sp                   stack        000000
___intlo_stack_hi             stack        000000
___intlo_stack_lo             stack        000000
___param_bank                 (abs)        000000
___rparam_used                (abs)        000001
___sp                         stack        000000
___stack_hi                   stack        000000
___stack_lo                   stack        000000
__accesstop                   (abs)        000060
__activetblptr                (abs)        000000
__end_of_INT2_ISR             text12       004440
__end_of_INTERRUPT_Initialize text8        004550
__end_of__initialization      cinit        00452C
__end_of_getUserGuess         text10       004238
__end_of_handleGuess          text9        00449E
__end_of_initializeALL        text2        0045E6
__end_of_initializePORTA      text7        0045BC
__end_of_initializePORTB      text6        004580
__end_of_initializePORTC      text5        0045A8
__end_of_initializePORTD      text4        004594
__end_of_intializePorts       text3        0045CE
__end_of_main                 text0        004568
__end_of_setSecretCode        text1        00438E
__end_of_sevenSeg             text11       0044F2
__initialization              cinit        0044F2
__mediumconst                 mediumconst  000000
__pbssCOMRAM                  bssCOMRAM    00000D
__pcinit                      cinit        0044F2
__pcstackCOMRAM               cstackCOMRAM 000018
__pdataCOMRAM                 dataCOMRAM   000001
__pidataCOMRAM                idataCOMRAM  0045CE
__pivt0x4008                  ivt0x4008    004008
__psmallconst                 smallconst   002000
__ptext0                      text0        004550
__ptext1                      text1        004238
__ptext10                     text10       0040B2
__ptext11                     text11       00449E
__ptext12                     text12       004390
__ptext2                      text2        0045DA
__ptext3                      text3        0045BC
__ptext4                      text4        004580
__ptext5                      text5        004594
__ptext6                      text6        004568
__ptext7                      text7        0045A8
__ptext8                      text8        004532
__ptext9                      text9        004440
__ramtop                      ramtop       002000
__smallconst                  smallconst   002000
_count                        bssCOMRAM    000015
_done                         bssCOMRAM    000017
_getUserGuess                 text10       0040B2
_handleGuess                  text9        004440
_initializeALL                text2        0045DA
_initializePORTA              text7        0045A8
_initializePORTB              text6        004568
_initializePORTC              text5        004594
_initializePORTD              text4        004580
_intializePorts               text3        0045BC
_main                         text0        004550
_pr1Count                     bssCOMRAM    000013
_pr2Count                     bssCOMRAM    000011
_setSecretCode                text1        004238
_sevenSeg                     text11       00449E
_sevenSegValues               dataCOMRAM   000001
end_of_initialization         cinit        00452C
intlevel0                     text         000000
intlevel1                     text         000000
intlevel2                     text         000000
intlevel3                     text         000000
isa$std                       (abs)        000001
isa$xinst                     (abs)        000000
ivt0x4008_base                ivt0x4008    004008
ivt0x4008_undefint            ivt0x4008    0040AC
sevenSeg@index                cstackCOMRAM 00001A
sevenSeg@isSecond             cstackCOMRAM 00001C
stackhi                       (abs)        000000
stacklo                       (abs)        000000
start                         init         0040AE
start_initialization          cinit        0044F2


MODULE INFORMATION

Module		Function		Class		Link	Load	Size
interrupts.c
		_main          		CODE           	4550	0000	24

interrupts.c estimated size: 24

./functions.h
		_sevenSeg      		CODE           	449E	0000	84
		_setSecretCode 		CODE           	4238	0000	342
		_getUserGuess  		CODE           	40B2	0000	390
		_handleGuess   		CODE           	4440	0000	94

./functions.h estimated size: 910

./initialization.h
		_initializePORTA		CODE           	45A8	0000	20
		_initializePORTB		CODE           	4568	0000	24
		_initializePORTC		CODE           	4594	0000	20
		_initializePORTD		CODE           	4580	0000	20
		_INTERRUPT_Initialize		CODE           	4532	0000	30
		_initializeALL 		CODE           	45DA	0000	12
		_intializePorts		CODE           	45BC	0000	18
		_INT2_ISR      		CODE           	4390	0000	176

./initialization.h estimated size: 320

shared
		__initialization		CODE           	44F2	0000	58

shared estimated size: 58

