Microchip MPLAB XC8 Compiler V2.46

Linker command line:

-W-3 \
  --edf=C:\Program Files\Microchip\xc8\v2.46\pic\dat\20240104201356_en.msgs \
  -cn -h+dist/default/production\Assignment7.production.sym \
  --cmf=dist/default/production\Assignment7.production.cmf -z -Q18F47K42 \
  -oC:\Users\James\AppData\Local\Temp\xcAsfhg.\driver_tmp_3.o \
  --defsym=__MPLAB_BUILD=1 --fixupoverflow=error \
  -Mdist/default/production/Assignment7.production.map \
  --md=C:\Users\James\AppData\Local\Temp\xcAsfhg.\driver_tmp_0.dat -E1 \
  -ver=XC8 Compiler --acfsm=1493 -ACODE=00h-01FFFFh -ACONST=00h-01FFFFh \
  -ASMALLCONST=02000h-020FFhx480 \
  -AMEDIUMCONST=02000h-0FFFFh,012000h-01FFFFh -ACOMRAM=01h-05Fh \
  -AABS1=00h-01FFFh -ABIGRAM=01h-01FFFh -ARAM=060h-0FFh,0100h-01FFhx31 \
  -ABANK0=060h-0FFh -ABANK1=0100h-01FFh -ABANK2=0200h-02FFh \
  -ABANK3=0300h-03FFh -ABANK4=0400h-04FFh -ABANK5=0500h-05FFh \
  -ABANK6=0600h-06FFh -ABANK7=0700h-07FFh -ABANK8=0800h-08FFh \
  -ABANK9=0900h-09FFh -ABANK10=0A00h-0AFFh -ABANK11=0B00h-0BFFh \
  -ABANK12=0C00h-0CFFh -ABANK13=0D00h-0DFFh -ABANK14=0E00h-0EFFh \
  -ABANK15=0F00h-0FFFh -ABANK16=01000h-010FFh -ABANK17=01100h-011FFh \
  -ABANK18=01200h-012FFh -ABANK19=01300h-013FFh -ABANK20=01400h-014FFh \
  -ABANK21=01500h-015FFh -ABANK22=01600h-016FFh -ABANK23=01700h-017FFh \
  -ABANK24=01800h-018FFh -ABANK25=01900h-019FFh -ABANK26=01A00h-01AFFh \
  -ABANK27=01B00h-01BFFh -ABANK28=01C00h-01CFFh -ABANK29=01D00h-01DFFh \
  -ABANK30=01E00h-01EFFh -ABANK31=01F00h-01FFFh \
  -ASFR=03800h-038FFhx7,03F00h-03F5Fh,03F60h-03FFFh -ABIGSFR=03800h-03FFFh \
  -ACONFIG=0300000h-0300009h -AIDLOC=0200000h-020000Fh \
  -AEEDATA=0310000h-03103FFh -peeprom_data=EEDATA -preset_vec=00h \
  -ppowerup=CODE,init -pramtop=02000h -psmallconst=SMALLCONST \
  -pmediumconst=MEDIUMCONST -pconst=CONST -AFARRAM=00h-00h \
  -prdata=COMRAM,nvrram=COMRAM,nvbit=COMRAM,rbss=COMRAM,rbit=COMRAM \
  -pfarbss=FARRAM,fardata=FARRAM,nvFARRAM=FARRAM \
  -pintsave_regs=BIGRAM,bigbss=BIGRAM,bigdata=BIGRAM -pbss=RAM \
  -pidata=CODE,irdata=CODE,ibigdata=CODE,ifardata=CODE -prparam=COMRAM \
  C:\Users\James\AppData\Local\Temp\xcAsfhg.\driver_tmp_9.o \
  dist/default/production\Assignment7.production.o 

Object code version is 3.11

Machine type is 18F47K42



                Name                               Link     Load   Length Selector   Space Scale
C:\Users\James\AppData\Local\Temp\xcAsfhg.\driver_tmp_9.o
                config                           300000   300000        A        0       4
                init                              1FFFC    1FFFC        4     FFFE       0
                reset_vec                             0        0        4        0       0
dist/default/production\Assignment7.production.o
                config                           300000   300000        A        0       4
                smallconst                         2000     2000        2     1000       0
                text20                             2B1E     2B1E        E     1001       0
                text19                             2798     2798       C4     1001       0
                text18                             2A90     2A90       1E     1001       0
                text17                             2A20     2A20       2A     1001       0
                text16                             2A72     2A72       1E     1001       0
                text15                             2B10     2B10        E     1001       0
                text14                             26C6     26C6       D2     1001       0
                text13                             285C     285C       B0     1001       0
                text12                             290C     290C       5E     1001       0
                text11                             29BE     29BE       38     1001       0
                text10                             296A     296A       54     1001       0
                text9                              29F6     29F6       2A     1001       0
                text8                              246C     246C      13E     1001       0
                text7                              2002     2002      25E     1001       0
                text6                              2260     2260      20C     1001       0
                text5                              2AEA     2AEA       14     1001       0
                text4                              2AD6     2AD6       14     1001       0
                text3                              2AC2     2AC2       14     1001       0
                text2                              2AAE     2AAE       14     1001       0
                text1                              2AFE     2AFE       12     1001       0
                text0                              25AA     25AA      11C     1001       0
                cstackCOMRAM                          1        1       20        1       1
                dataCOMRAM                           21       21        C        1       1
                cinit                              2A4A     2A4A       28     1001       0
                idataCOMRAM                        2B2C     2B2C        C     1001       0

TOTAL           Name                               Link     Load   Length     Space
        CLASS   CODE           
                init                              1FFFC    1FFFC        4         0
                reset_vec                             0        0        4         0
                text20                             2B1E     2B1E        E         0
                text19                             2798     2798       C4         0
                text18                             2A90     2A90       1E         0
                text17                             2A20     2A20       2A         0
                text16                             2A72     2A72       1E         0
                text15                             2B10     2B10        E         0
                text14                             26C6     26C6       D2         0
                text13                             285C     285C       B0         0
                text12                             290C     290C       5E         0
                text11                             29BE     29BE       38         0
                text10                             296A     296A       54         0
                text9                              29F6     29F6       2A         0
                text8                              246C     246C      13E         0
                text7                              2002     2002      25E         0
                text6                              2260     2260      20C         0
                text5                              2AEA     2AEA       14         0
                text4                              2AD6     2AD6       14         0
                text3                              2AC2     2AC2       14         0
                text2                              2AAE     2AAE       14         0
                text1                              2AFE     2AFE       12         0
                text0                              25AA     25AA      11C         0
                cinit                              2A4A     2A4A       28         0
                idataCOMRAM                        2B2C     2B2C        C         0

        CLASS   CONST          

        CLASS   SMALLCONST     
                smallconst                         2000     2000        2         0

        CLASS   MEDIUMCONST    

        CLASS   COMRAM         
                cstackCOMRAM                          1        1       20         1
                dataCOMRAM                           21       21        C         1

        CLASS   ABS1           

        CLASS   BIGRAM         

        CLASS   RAM            

        CLASS   BANK0          

        CLASS   BANK1          

        CLASS   BANK2          

        CLASS   BANK3          

        CLASS   BANK4          

        CLASS   BANK5          

        CLASS   BANK6          

        CLASS   BANK7          

        CLASS   BANK8          

        CLASS   BANK9          

        CLASS   BANK10         

        CLASS   BANK11         

        CLASS   BANK12         

        CLASS   BANK13         

        CLASS   BANK14         

        CLASS   BANK15         

        CLASS   BANK16         

        CLASS   BANK17         

        CLASS   BANK18         

        CLASS   BANK19         

        CLASS   BANK20         

        CLASS   BANK21         

        CLASS   BANK22         

        CLASS   BANK23         

        CLASS   BANK24         

        CLASS   BANK25         

        CLASS   BANK26         

        CLASS   BANK27         

        CLASS   BANK28         

        CLASS   BANK29         

        CLASS   BANK30         

        CLASS   BANK31         

        CLASS   SFR            

        CLASS   BIGSFR         

        CLASS   CONFIG         
                config                           300000   300000        A         4

        CLASS   IDLOC          

        CLASS   EEDATA         

        CLASS   FARRAM         

        CLASS   HEAP           

        CLASS   STACK          



SEGMENTS        Name                           Load    Length   Top    Selector   Space  Class

                reset_vec                      000000  000004  000004         0       0  CODE    
                cstackCOMRAM                   000001  00002C  00002D         1       1  COMRAM  
                smallconst                     002000  000002  002002      1000       0  SMALLCON
                text7                          002002  000B36  002B38      1001       0  CODE    
                init                           01FFFC  000004  020000      FFFE       0  CODE    


UNUSED ADDRESS RANGES

        Name                Unused          Largest block    Delta
        BANK0            000060-0000FF               A0
        BANK1            000100-0001FF              100
        BANK10           000A00-000AFF              100
        BANK11           000B00-000BFF              100
        BANK12           000C00-000CFF              100
        BANK13           000D00-000DFF              100
        BANK14           000E00-000EFF              100
        BANK15           000F00-000FFF              100
        BANK16           001000-0010FF              100
        BANK17           001100-0011FF              100
        BANK18           001200-0012FF              100
        BANK19           001300-0013FF              100
        BANK2            000200-0002FF              100
        BANK20           001400-0014FF              100
        BANK21           001500-0015FF              100
        BANK22           001600-0016FF              100
        BANK23           001700-0017FF              100
        BANK24           001800-0018FF              100
        BANK25           001900-0019FF              100
        BANK26           001A00-001AFF              100
        BANK27           001B00-001BFF              100
        BANK28           001C00-001CFF              100
        BANK29           001D00-001DFF              100
        BANK3            000300-0003FF              100
        BANK30           001E00-001EFF              100
        BANK31           001F00-001FFF              100
        BANK4            000400-0004FF              100
        BANK5            000500-0005FF              100
        BANK6            000600-0006FF              100
        BANK7            000700-0007FF              100
        BANK8            000800-0008FF              100
        BANK9            000900-0009FF              100
        BIGRAM           00002D-001FFF             1FD3
        BIGSFR           003800-003FFF              800
        CODE             000004-001FFF             1FFC
                         002B38-01FFFB            1D4C4
        COMRAM           00002D-00005F               33
        CONST            000004-001FFF             1FFC
                         002B38-01FFFB            1D4C4
        EEDATA           310000-3103FF              400
        IDLOC            200000-20000F               10
        MEDIUMCONST      002B38-00FFFF             D4C8
                         012000-01FFFB             DFFC
        RAM              000060-001FFF              100
        SFR              003800-003FFF              100
        SMALLCONST       002B38-01FFFB              100

                                  Symbol Table

?_Addition_Op                  cstackCOMRAM 000001
?_Division_Op                  cstackCOMRAM 000009
?_Multiplication_Op            cstackCOMRAM 000007
?_Subtraction_Op               cstackCOMRAM 000001
?___awdiv                      cstackCOMRAM 000001
?___awmod                      cstackCOMRAM 000001
?___wmul                       cstackCOMRAM 000001
?_calculateFinalValue          cstackCOMRAM 00000D
?_getKeypad                    cstackCOMRAM 000001
?_getValue                     cstackCOMRAM 00000D
Addition_Op@valueX             cstackCOMRAM 000001
Addition_Op@valueY             cstackCOMRAM 000003
Division_Op@valueX             cstackCOMRAM 000009
Division_Op@valueY             cstackCOMRAM 00000B
Multiplication_Op@valueX       cstackCOMRAM 000007
Multiplication_Op@valueY       cstackCOMRAM 000009
Subtraction_Op@valueX          cstackCOMRAM 000001
Subtraction_Op@valueY          cstackCOMRAM 000003
_ANSELA                        (abs)        003A40
_ANSELB                        (abs)        003A50
_ANSELC                        (abs)        003A60
_ANSELD                        (abs)        003A70
_Addition_Op                   text20       002B1E
_Division_Op                   text18       002A90
_LATA                          (abs)        003FBA
_LATB                          (abs)        003FBB
_LATC                          (abs)        003FBC
_LATD                          (abs)        003FBD
_Multiplication_Op             text16       002A72
_PORTA                         (abs)        003FCA
_PORTAbits                     (abs)        003FCA
_PORTB                         (abs)        003FCB
_PORTBbits                     (abs)        003FCB
_PORTC                         (abs)        003FCC
_PORTD                         (abs)        003FCD
_Subtraction_Op                text15       002B10
_TRISA                         (abs)        003FC2
_TRISB                         (abs)        003FC3
_TRISC                         (abs)        003FC4
_TRISD                         (abs)        003FC5
__HRAM                         (abs)        000000
__H__absolute__                __absolute__ 000000
__Habs1                        abs1         000000
__Hbank0                       bank0        000000
__Hbank1                       bank1        000000
__Hbank10                      bank10       000000
__Hbank11                      bank11       000000
__Hbank12                      bank12       000000
__Hbank13                      bank13       000000
__Hbank14                      bank14       000000
__Hbank15                      bank15       000000
__Hbank16                      bank16       000000
__Hbank17                      bank17       000000
__Hbank18                      bank18       000000
__Hbank19                      bank19       000000
__Hbank2                       bank2        000000
__Hbank20                      bank20       000000
__Hbank21                      bank21       000000
__Hbank22                      bank22       000000
__Hbank23                      bank23       000000
__Hbank24                      bank24       000000
__Hbank25                      bank25       000000
__Hbank26                      bank26       000000
__Hbank27                      bank27       000000
__Hbank28                      bank28       000000
__Hbank29                      bank29       000000
__Hbank3                       bank3        000000
__Hbank30                      bank30       000000
__Hbank31                      bank31       000000
__Hbank4                       bank4        000000
__Hbank5                       bank5        000000
__Hbank6                       bank6        000000
__Hbank7                       bank7        000000
__Hbank8                       bank8        000000
__Hbank9                       bank9        000000
__Hbigbss                      bigbss       000000
__Hbigdata                     bigdata      000000
__Hbigram                      bigram       000000
__Hbigsfr                      bigsfr       000000
__Hbss                         bss          000000
__Hcinit                       cinit        000000
__Hclrtext                     clrtext      000000
__Hcomram                      comram       000000
__Hconfig                      config       30000A
__Hconst                       const        000000
__HcstackCOMRAM                cstackCOMRAM 000000
__Hdata                        data         000000
__HdataCOMRAM                  dataCOMRAM   000000
__Heeprom_data                 eeprom_data  000000
__Hfarbss                      farbss       000000
__Hfardata                     fardata      000000
__Hheap                        heap         000000
__Hibigdata                    ibigdata     000000
__Hidata                       idata        000000
__HidataCOMRAM                 idataCOMRAM  000000
__Hidloc                       idloc        000000
__Hifardata                    ifardata     000000
__Hinit                        init         020000
__Hintsave_regs                intsave_regs 000000
__Hirdata                      irdata       000000
__Hmediumconst                 mediumconst  000000
__HnvFARRAM                    nvFARRAM     000000
__Hnvbit                       nvbit        000000
__Hnvrram                      nvrram       000000
__Hparam                       rparam       000000
__Hpowerup                     powerup      000000
__Hram                         ram          000000
__Hramtop                      ramtop       002000
__Hrbit                        rbit         000000
__Hrbss                        rbss         000000
__Hrdata                       rdata        000000
__Hreset_vec                   reset_vec    000004
__Hrparam                      rparam       000000
__Hsfr                         sfr          000000
__Hsmallconst                  smallconst   002002
__Hspace_0                     (abs)        020000
__Hspace_1                     (abs)        00002D
__Hspace_2                     (abs)        000000
__Hspace_4                     (abs)        60000A
__Hstack                       stack        000000
__Hstruct                      struct       000000
__Htemp                        temp         000000
__Htext                        text         000000
__Htext0                       text0        000000
__Htext1                       text1        000000
__Htext10                      text10       000000
__Htext11                      text11       000000
__Htext12                      text12       000000
__Htext13                      text13       000000
__Htext14                      text14       000000
__Htext15                      text15       000000
__Htext16                      text16       000000
__Htext17                      text17       000000
__Htext18                      text18       000000
__Htext19                      text19       000000
__Htext2                       text2        000000
__Htext20                      text20       000000
__Htext3                       text3        000000
__Htext4                       text4        000000
__Htext5                       text5        000000
__Htext6                       text6        000000
__Htext7                       text7        000000
__Htext8                       text8        000000
__Htext9                       text9        000000
__LRAM                         (abs)        000001
__L__absolute__                __absolute__ 000000
__Labs1                        abs1         000000
__Lbank0                       bank0        000000
__Lbank1                       bank1        000000
__Lbank10                      bank10       000000
__Lbank11                      bank11       000000
__Lbank12                      bank12       000000
__Lbank13                      bank13       000000
__Lbank14                      bank14       000000
__Lbank15                      bank15       000000
__Lbank16                      bank16       000000
__Lbank17                      bank17       000000
__Lbank18                      bank18       000000
__Lbank19                      bank19       000000
__Lbank2                       bank2        000000
__Lbank20                      bank20       000000
__Lbank21                      bank21       000000
__Lbank22                      bank22       000000
__Lbank23                      bank23       000000
__Lbank24                      bank24       000000
__Lbank25                      bank25       000000
__Lbank26                      bank26       000000
__Lbank27                      bank27       000000
__Lbank28                      bank28       000000
__Lbank29                      bank29       000000
__Lbank3                       bank3        000000
__Lbank30                      bank30       000000
__Lbank31                      bank31       000000
__Lbank4                       bank4        000000
__Lbank5                       bank5        000000
__Lbank6                       bank6        000000
__Lbank7                       bank7        000000
__Lbank8                       bank8        000000
__Lbank9                       bank9        000000
__Lbigbss                      bigbss       000000
__Lbigdata                     bigdata      000000
__Lbigram                      bigram       000000
__Lbigsfr                      bigsfr       000000
__Lbss                         bss          000000
__Lcinit                       cinit        000000
__Lclrtext                     clrtext      000000
__Lcomram                      comram       000000
__Lconfig                      config       000000
__Lconst                       const        000000
__LcstackCOMRAM                cstackCOMRAM 000000
__Ldata                        data         000000
__LdataCOMRAM                  dataCOMRAM   000000
__Leeprom_data                 eeprom_data  000000
__Lfarbss                      farbss       000000
__Lfardata                     fardata      000000
__Lheap                        heap         000000
__Libigdata                    ibigdata     000000
__Lidata                       idata        000000
__LidataCOMRAM                 idataCOMRAM  000000
__Lidloc                       idloc        000000
__Lifardata                    ifardata     000000
__Linit                        init         01FFFC
__Lintsave_regs                intsave_regs 000000
__Lirdata                      irdata       000000
__Lmediumconst                 mediumconst  000000
__LnvFARRAM                    nvFARRAM     000000
__Lnvbit                       nvbit        000000
__Lnvrram                      nvrram       000000
__Lparam                       rparam       000000
__Lpowerup                     powerup      000000
__Lram                         ram          000000
__Lramtop                      ramtop       002000
__Lrbit                        rbit         000000
__Lrbss                        rbss         000000
__Lrdata                       rdata        000000
__Lreset_vec                   reset_vec    000000
__Lrparam                      rparam       000000
__Lsfr                         sfr          000000
__Lsmallconst                  smallconst   002000
__Lspace_0                     (abs)        000000
__Lspace_1                     (abs)        000000
__Lspace_2                     (abs)        000000
__Lspace_4                     (abs)        000000
__Lstack                       stack        000000
__Lstruct                      struct       000000
__Ltemp                        temp         000000
__Ltext                        text         000000
__Ltext0                       text0        000000
__Ltext1                       text1        000000
__Ltext10                      text10       000000
__Ltext11                      text11       000000
__Ltext12                      text12       000000
__Ltext13                      text13       000000
__Ltext14                      text14       000000
__Ltext15                      text15       000000
__Ltext16                      text16       000000
__Ltext17                      text17       000000
__Ltext18                      text18       000000
__Ltext19                      text19       000000
__Ltext2                       text2        000000
__Ltext20                      text20       000000
__Ltext3                       text3        000000
__Ltext4                       text4        000000
__Ltext5                       text5        000000
__Ltext6                       text6        000000
__Ltext7                       text7        000000
__Ltext8                       text8        000000
__Ltext9                       text9        000000
__S0                           (abs)        020000
__S1                           (abs)        00002D
__S4                           (abs)        000000
__S5                           (abs)        000000
___awdiv                       text19       002798
___awdiv@counter               cstackCOMRAM 000005
___awdiv@dividend              cstackCOMRAM 000001
___awdiv@divisor               cstackCOMRAM 000003
___awdiv@quotient              cstackCOMRAM 000007
___awdiv@sign                  cstackCOMRAM 000006
___awmod                       text13       00285C
___awmod@counter               cstackCOMRAM 000005
___awmod@dividend              cstackCOMRAM 000001
___awmod@divisor               cstackCOMRAM 000003
___awmod@sign                  cstackCOMRAM 000006
___heap_hi                     (abs)        000000
___heap_lo                     (abs)        000000
___inthi_sp                    stack        000000
___inthi_stack_hi              stack        000000
___inthi_stack_lo              stack        000000
___intlo_sp                    stack        000000
___intlo_stack_hi              stack        000000
___intlo_stack_lo              stack        000000
___param_bank                  (abs)        000000
___rparam_used                 (abs)        000001
___sp                          stack        000000
___stack_hi                    stack        000000
___stack_lo                    stack        000000
___wmul                        text17       002A20
___wmul@multiplicand           cstackCOMRAM 000003
___wmul@multiplier             cstackCOMRAM 000001
___wmul@product                cstackCOMRAM 000005
__accesstop                    (abs)        000060
__activetblptr                 (abs)        000003
__end_of_Addition_Op           text20       002B2C
__end_of_Division_Op           text18       002AAE
__end_of_Multiplication_Op     text16       002A90
__end_of_Subtraction_Op        text15       002B1E
__end_of___awdiv               text19       00285C
__end_of___awmod               text13       00290C
__end_of___wmul                text17       002A4A
__end_of__initialization       cinit        002A6C
__end_of_calculateFinalValue   text14       002798
__end_of_dispConvNumber        text8        0025AA
__end_of_getKeypad             text7        002260
__end_of_getValue              text6        00246C
__end_of_initializeAllPorts    text1        002B10
__end_of_initializePORTA       text5        002AFE
__end_of_initializePORTB       text4        002AEA
__end_of_initializePORTC       text3        002AD6
__end_of_initializePORTD       text2        002AC2
__end_of_lhsSevenSeg           text11       0029F6
__end_of_main                  text0        0026C6
__end_of_negSevenSeg           text12       00296A
__end_of_rhsSevenSeg           text10       0029BE
__end_of_updateSevenSeg        text9        002A20
__initialization               cinit        002A4A
__mediumconst                  mediumconst  000000
__pcinit                       cinit        002A4A
__pcstackCOMRAM                cstackCOMRAM 000001
__pdataCOMRAM                  dataCOMRAM   000021
__pidataCOMRAM                 idataCOMRAM  002B2C
__psmallconst                  smallconst   002000
__ptext0                       text0        0025AA
__ptext1                       text1        002AFE
__ptext10                      text10       00296A
__ptext11                      text11       0029BE
__ptext12                      text12       00290C
__ptext13                      text13       00285C
__ptext14                      text14       0026C6
__ptext15                      text15       002B10
__ptext16                      text16       002A72
__ptext17                      text17       002A20
__ptext18                      text18       002A90
__ptext19                      text19       002798
__ptext2                       text2        002AAE
__ptext20                      text20       002B1E
__ptext3                       text3        002AC2
__ptext4                       text4        002AD6
__ptext5                       text5        002AEA
__ptext6                       text6        002260
__ptext7                       text7        002002
__ptext8                       text8        00246C
__ptext9                       text9        0029F6
__ramtop                       ramtop       002000
__smallconst                   smallconst   002000
_calculateFinalValue           text14       0026C6
_dispConvNumber                text8        00246C
_getKeypad                     text7        002002
_getValue                      text6        002260
_initializeAllPorts            text1        002AFE
_initializePORTA               text5        002AEA
_initializePORTB               text4        002AD6
_initializePORTC               text3        002AC2
_initializePORTD               text2        002AAE
_lhsSevenSeg                   text11       0029BE
_main                          text0        0025AA
_negSevenSeg                   text12       00290C
_rhsSevenSeg                   text10       00296A
_sevenSegValues                dataCOMRAM   000021
_updateSevenSeg                text9        0029F6
calculateFinalValue@finalValue cstackCOMRAM 000015
calculateFinalValue@operation  cstackCOMRAM 00000D
calculateFinalValue@valueX     cstackCOMRAM 00000F
calculateFinalValue@valueY     cstackCOMRAM 000011
dispConvNumber@decimalValue    cstackCOMRAM 00000E
end_of_initialization          cinit        002A6C
getKeypad@buttonNumber         cstackCOMRAM 000003
getValue@decimalValue          cstackCOMRAM 000011
getValue@isEqualSign           cstackCOMRAM 00000E
getValue@operation             cstackCOMRAM 00000D
getValue@value1                cstackCOMRAM 000013
getValue@value2                cstackCOMRAM 000015
intlevel0                      text         000000
intlevel1                      text         000000
intlevel2                      text         000000
intlevel3                      text         000000
isa$std                        (abs)        000001
isa$xinst                      (abs)        000000
lhsSevenSeg@index              cstackCOMRAM 000001
main@Display_Result_REG        cstackCOMRAM 000017
main@Operation_REG             cstackCOMRAM 00001F
main@X_Input_REG               cstackCOMRAM 000019
main@Y_Input_REG               cstackCOMRAM 00001B
main@isEqualSign               cstackCOMRAM 00001D
negSevenSeg@lhs                cstackCOMRAM 000009
negSevenSeg@rhs                cstackCOMRAM 00000B
rhsSevenSeg@index              cstackCOMRAM 000001
stackhi                        (abs)        000000
stacklo                        (abs)        000000
start                          init         01FFFC
start_initialization           cinit        002A4A
updateSevenSeg@lhsIndex        cstackCOMRAM 000009
updateSevenSeg@rhsIndex        cstackCOMRAM 00000B


MODULE INFORMATION

Module		Function		Class		Link	Load	Size
calculator.c
		_main          		CODE           	25AA	0000	284

calculator.c estimated size: 284

C:\Program Files\Microchip\xc8\v2.46\pic\sources\c99\common\awdiv.c
		___awdiv       		CODE           	2798	0000	196

C:\Program Files\Microchip\xc8\v2.46\pic\sources\c99\common\awdiv.c estimated size: 196

./calcFunctions.h
		_Subtraction_Op		CODE           	2B10	0000	14
		_lhsSevenSeg   		CODE           	29BE	0000	56
		_getValue      		CODE           	2260	0000	524
		_rhsSevenSeg   		CODE           	296A	0000	84
		_Multiplication_Op		CODE           	2A72	0000	30
		_initializePORTA		CODE           	2AEA	0000	20
		_initializePORTB		CODE           	2AD6	0000	20
		_initializePORTC		CODE           	2AC2	0000	20
		_initializePORTD		CODE           	2AAE	0000	20
		_calculateFinalValue		CODE           	26C6	0000	210
		_updateSevenSeg		CODE           	29F6	0000	42
		_Division_Op   		CODE           	2A90	0000	30
		_negSevenSeg   		CODE           	290C	0000	94
		_dispConvNumber		CODE           	246C	0000	318
		_initializeAllPorts		CODE           	2AFE	0000	18
		_Addition_Op   		CODE           	2B1E	0000	14
		_getKeypad     		CODE           	2002	0000	606

./calcFunctions.h estimated size: 2120

shared
		__initialization		CODE           	2A4A	0000	34

shared estimated size: 34

C:\Program Files\Microchip\xc8\v2.46\pic\sources\c99\common\Umul16.c
		___wmul        		CODE           	2A20	0000	42

C:\Program Files\Microchip\xc8\v2.46\pic\sources\c99\common\Umul16.c estimated size: 42

C:\Program Files\Microchip\xc8\v2.46\pic\sources\c99\common\awmod.c
		___awmod       		CODE           	285C	0000	176

C:\Program Files\Microchip\xc8\v2.46\pic\sources\c99\common\awmod.c estimated size: 176

