Microchip MPLAB XC8 Compiler V2.46

Linker command line:

-W-3 \
  --edf=C:\Program Files\Microchip\xc8\v2.46\pic\dat\20240104201356_en.msgs \
  -pivt0x4008=04008h -cn -h+dist/default/debug\LAB13p1.X.debug.sym \
  --cmf=dist/default/debug\LAB13p1.X.debug.cmf -z -Q18F47K42 \
  -oC:\Users\James\AppData\Local\Temp\xcBs8qc.1\driver_tmp_3.o \
  --defsym=__MPLAB_BUILD=1 --fixupoverflow=error \
  -Mdist/default/debug/LAB13p1.X.debug.map \
  --md=C:\Users\James\AppData\Local\Temp\xcBs8qc.1\driver_tmp_0.dat -E1 \
  -ver=XC8 Compiler --acfsm=1493 -ACODE=00h-01FFFFh -ACONST=00h-01FFFFh \
  -ASMALLCONST=02000h-020FFhx480 \
  -AMEDIUMCONST=02000h-0FFFFh,012000h-01FFFFh -ACOMRAM=01h-05Fh \
  -AABS1=00h-01FFFh -ABIGRAM=01h-01FFFh -ARAM=060h-0FFh,0100h-01FFhx31 \
  -ABANK0=060h-0FFh -ABANK1=0100h-01FFh -ABANK2=0200h-02FFh \
  -ABANK3=0300h-03FFh -ABANK4=0400h-04FFh -ABANK5=0500h-05FFh \
  -ABANK6=0600h-06FFh -ABANK7=0700h-07FFh -ABANK8=0800h-08FFh \
  -ABANK9=0900h-09FFh -ABANK10=0A00h-0AFFh -ABANK11=0B00h-0BFFh \
  -ABANK12=0C00h-0CFFh -ABANK13=0D00h-0DFFh -ABANK14=0E00h-0EFFh \
  -ABANK15=0F00h-0FFFh -ABANK16=01000h-010FFh -ABANK17=01100h-011FFh \
  -ABANK18=01200h-012FFh -ABANK19=01300h-013FFh -ABANK20=01400h-014FFh \
  -ABANK21=01500h-015FFh -ABANK22=01600h-016FFh -ABANK23=01700h-017FFh \
  -ABANK24=01800h-018FFh -ABANK25=01900h-019FFh -ABANK26=01A00h-01AFFh \
  -ABANK27=01B00h-01BFFh -ABANK28=01C00h-01CFFh -ABANK29=01D00h-01DFFh \
  -ABANK30=01E00h-01EFFh -ABANK31=01F00h-01FFFh \
  -ASFR=03800h-038FFhx7,03F00h-03F5Fh,03F60h-03FFFh -ABIGSFR=03800h-03FFFh \
  -ACONFIG=0300000h-0300009h -AIDLOC=0200000h-020000Fh \
  -AEEDATA=0310000h-03103FFh -peeprom_data=EEDATA -preset_vec=00h \
  -ppowerup=CODE,init -pramtop=02000h -psmallconst=SMALLCONST \
  -pmediumconst=MEDIUMCONST -pconst=CONST -AFARRAM=00h-00h \
  -prdata=COMRAM,nvrram=COMRAM,nvbit=COMRAM,rbss=COMRAM,rbit=COMRAM \
  -pfarbss=FARRAM,fardata=FARRAM,nvFARRAM=FARRAM \
  -pintsave_regs=BIGRAM,bigbss=BIGRAM,bigdata=BIGRAM -pbss=RAM \
  -pidata=CODE,irdata=CODE,ibigdata=CODE,ifardata=CODE -prparam=COMRAM \
  C:\Users\James\AppData\Local\Temp\xcBs8qc.1\driver_tmp_9.o \
  dist/default/debug\LAB13p1.X.debug.o 

Object code version is 3.11

Machine type is 18F47K42



                Name                               Link     Load   Length Selector   Space Scale
C:\Users\James\AppData\Local\Temp\xcBs8qc.1\driver_tmp_9.o
                config                           300000   300000        A        0       4
                init                               40AE     40AE        4     2004       0
                reset_vec                             0        0        4        0       0
dist/default/debug\LAB13p1.X.debug.o
                config                           300000   300000        A        0       4
                smallconst                         2000     2000        2     1000       0
                ivt0x4008                          4008     4008       A6     2004       0
                text5                              4160     4160        2     1052       0
                text4                              4148     4148       14     1052       0
                text3                              4112     4112       1C     2004       0
                text2                              412E     412E       18     2004       0
                text1                              415C     415C        4     1052       0
                text0                              40B2     40B2       42     2004       0
                cstackCOMRAM                          5        5        1        1       1
                bssCOMRAM                             1        1        4        1       1
                cinit                              40F4     40F4       1E     2004       0

TOTAL           Name                               Link     Load   Length     Space
        CLASS   CODE           
                init                               40AE     40AE        4         0
                reset_vec                             0        0        4         0
                ivt0x4008                          4008     4008       A6         0
                text5                              4160     4160        2         0
                text4                              4148     4148       14         0
                text3                              4112     4112       1C         0
                text2                              412E     412E       18         0
                text1                              415C     415C        4         0
                text0                              40B2     40B2       42         0
                cinit                              40F4     40F4       1E         0

        CLASS   CONST          

        CLASS   SMALLCONST     
                smallconst                         2000     2000        2         0

        CLASS   MEDIUMCONST    

        CLASS   COMRAM         
                cstackCOMRAM                          5        5        1         1
                bssCOMRAM                             1        1        4         1

        CLASS   ABS1           

        CLASS   BIGRAM         

        CLASS   RAM            

        CLASS   BANK0          

        CLASS   BANK1          

        CLASS   BANK2          

        CLASS   BANK3          

        CLASS   BANK4          

        CLASS   BANK5          

        CLASS   BANK6          

        CLASS   BANK7          

        CLASS   BANK8          

        CLASS   BANK9          

        CLASS   BANK10         

        CLASS   BANK11         

        CLASS   BANK12         

        CLASS   BANK13         

        CLASS   BANK14         

        CLASS   BANK15         

        CLASS   BANK16         

        CLASS   BANK17         

        CLASS   BANK18         

        CLASS   BANK19         

        CLASS   BANK20         

        CLASS   BANK21         

        CLASS   BANK22         

        CLASS   BANK23         

        CLASS   BANK24         

        CLASS   BANK25         

        CLASS   BANK26         

        CLASS   BANK27         

        CLASS   BANK28         

        CLASS   BANK29         

        CLASS   BANK30         

        CLASS   BANK31         

        CLASS   SFR            

        CLASS   BIGSFR         

        CLASS   CONFIG         
                config                           300000   300000        A         4

        CLASS   IDLOC          

        CLASS   EEDATA         

        CLASS   FARRAM         

        CLASS   HEAP           

        CLASS   STACK          



SEGMENTS        Name                           Load    Length   Top    Selector   Space  Class

                reset_vec                      000000  000004  000004         0       0  CODE    
                bssCOMRAM                      000001  000005  000006         1       1  COMRAM  
                smallconst                     002000  000002  002002      1000       0  SMALLCON
                ivt0x4008                      004008  00013E  004146      2004       0  CODE    
                text4                          004148  00001A  004162      1052       0  CODE    


UNUSED ADDRESS RANGES

        Name                Unused          Largest block    Delta
        BANK0            000060-0000FF               A0
        BANK1            000100-0001FF              100
        BANK10           000A00-000AFF              100
        BANK11           000B00-000BFF              100
        BANK12           000C00-000CFF              100
        BANK13           000D00-000DFF              100
        BANK14           000E00-000EFF              100
        BANK15           000F00-000FFF              100
        BANK16           001000-0010FF              100
        BANK17           001100-0011FF              100
        BANK18           001200-0012FF              100
        BANK19           001300-0013FF              100
        BANK2            000200-0002FF              100
        BANK20           001400-0014FF              100
        BANK21           001500-0015FF              100
        BANK22           001600-0016FF              100
        BANK23           001700-0017FF              100
        BANK24           001800-0018FF              100
        BANK25           001900-0019FF              100
        BANK26           001A00-001AFF              100
        BANK27           001B00-001BFF              100
        BANK28           001C00-001CFF              100
        BANK29           001D00-001DFF              100
        BANK3            000300-0003FF              100
        BANK30           001E00-001EFF              100
        BANK31           001F00-001FFF              100
        BANK4            000400-0004FF              100
        BANK5            000500-0005FF              100
        BANK6            000600-0006FF              100
        BANK7            000700-0007FF              100
        BANK8            000800-0008FF              100
        BANK9            000900-0009FF              100
        BIGRAM           000006-001FFF             1FFA
        BIGSFR           003800-003FFF              800
        CODE             000004-001FFF             1FFC
                         002002-004007             2006
                         004146-004147                2
                         004162-01FFFF            1BE9E
        COMRAM           000006-00005F               5A
        CONST            000004-001FFF             1FFC
                         002002-004007             2006
                         004146-004147                2
                         004162-01FFFF            1BE9E
        EEDATA           310000-3103FF              400
        IDLOC            200000-20000F               10
        MEDIUMCONST      002002-004007             2006
                         004146-004147                2
                         004162-00FFFF             BE9E
                         012000-01FFFF             E000
        RAM              000060-001FFF              100
        SFR              003800-003FFF              100
        SMALLCONST       002002-004007              100
                         004146-004147                2
                         004162-01FFFF              100

                                  Symbol Table

IVTBASEH                      (abs)        003FD6
IVTBASEL                      (abs)        003FD5
IVTBASEU                      (abs)        003FD7
_ANSELD                       (abs)        003A70
_DEFAULT_ISR                  text5        004160
_INTCON0bits                  (abs)        003FD2
_INTERRUPT_Initialize         text3        004112
_IPR3bits                     (abs)        003983
_IVTBASEH                     (abs)        003FD6
_IVTBASEL                     (abs)        003FD5
_IVTBASEU                     (abs)        003FD7
_PIE3bits                     (abs)        003993
_PIE4bits                     (abs)        003994
_PIR3bits                     (abs)        0039A3
_PORTD                        (abs)        003FCD
_PORTDbits                    (abs)        003FCD
_T0CON0                       (abs)        003FB8
_T0CON0bits                   (abs)        003FB8
_T0CON1                       (abs)        003FB9
_TMR0H                        (abs)        003FB7
_TMR0L                        (abs)        003FB6
_TMR0_ISR                     text4        004148
_TMR0_Initialize              text2        00412E
_TMR0_InterruptHandler        bssCOMRAM    000001
_TMR0_StartTimer              text1        00415C
_TRISD                        (abs)        003FC5
__HRAM                        (abs)        000000
__H__absolute__               __absolute__ 000000
__Habs1                       abs1         000000
__Hbank0                      bank0        000000
__Hbank1                      bank1        000000
__Hbank10                     bank10       000000
__Hbank11                     bank11       000000
__Hbank12                     bank12       000000
__Hbank13                     bank13       000000
__Hbank14                     bank14       000000
__Hbank15                     bank15       000000
__Hbank16                     bank16       000000
__Hbank17                     bank17       000000
__Hbank18                     bank18       000000
__Hbank19                     bank19       000000
__Hbank2                      bank2        000000
__Hbank20                     bank20       000000
__Hbank21                     bank21       000000
__Hbank22                     bank22       000000
__Hbank23                     bank23       000000
__Hbank24                     bank24       000000
__Hbank25                     bank25       000000
__Hbank26                     bank26       000000
__Hbank27                     bank27       000000
__Hbank28                     bank28       000000
__Hbank29                     bank29       000000
__Hbank3                      bank3        000000
__Hbank30                     bank30       000000
__Hbank31                     bank31       000000
__Hbank4                      bank4        000000
__Hbank5                      bank5        000000
__Hbank6                      bank6        000000
__Hbank7                      bank7        000000
__Hbank8                      bank8        000000
__Hbank9                      bank9        000000
__Hbigbss                     bigbss       000000
__Hbigdata                    bigdata      000000
__Hbigram                     bigram       000000
__Hbigsfr                     bigsfr       000000
__Hbss                        bss          000000
__HbssCOMRAM                  bssCOMRAM    000000
__Hcinit                      cinit        000000
__Hclrtext                    clrtext      000000
__Hcomram                     comram       000000
__Hconfig                     config       30000A
__Hconst                      const        000000
__HcstackCOMRAM               cstackCOMRAM 000000
__Hdata                       data         000000
__Heeprom_data                eeprom_data  000000
__Hfarbss                     farbss       000000
__Hfardata                    fardata      000000
__Hheap                       heap         000000
__Hibigdata                   ibigdata     000000
__Hidata                      idata        000000
__Hidloc                      idloc        000000
__Hifardata                   ifardata     000000
__Hinit                       init         0040B2
__Hintsave_regs               intsave_regs 000000
__Hirdata                     irdata       000000
__Hivt0x4008                  ivt0x4008    0040AE
__Hmediumconst                mediumconst  000000
__HnvFARRAM                   nvFARRAM     000000
__Hnvbit                      nvbit        000000
__Hnvrram                     nvrram       000000
__Hparam                      rparam       000000
__Hpowerup                    powerup      000000
__Hram                        ram          000000
__Hramtop                     ramtop       002000
__Hrbit                       rbit         000000
__Hrbss                       rbss         000000
__Hrdata                      rdata        000000
__Hreset_vec                  reset_vec    000004
__Hrparam                     rparam       000000
__Hsfr                        sfr          000000
__Hsmallconst                 smallconst   002002
__Hspace_0                    (abs)        004162
__Hspace_1                    (abs)        000006
__Hspace_2                    (abs)        000000
__Hspace_4                    (abs)        60000A
__Hstack                      stack        000000
__Hstruct                     struct       000000
__Htemp                       temp         000000
__Htext                       text         000000
__Htext0                      text0        000000
__Htext1                      text1        000000
__Htext2                      text2        000000
__Htext3                      text3        000000
__Htext4                      text4        000000
__Htext5                      text5        000000
__LRAM                        (abs)        000001
__L__absolute__               __absolute__ 000000
__Labs1                       abs1         000000
__Lbank0                      bank0        000000
__Lbank1                      bank1        000000
__Lbank10                     bank10       000000
__Lbank11                     bank11       000000
__Lbank12                     bank12       000000
__Lbank13                     bank13       000000
__Lbank14                     bank14       000000
__Lbank15                     bank15       000000
__Lbank16                     bank16       000000
__Lbank17                     bank17       000000
__Lbank18                     bank18       000000
__Lbank19                     bank19       000000
__Lbank2                      bank2        000000
__Lbank20                     bank20       000000
__Lbank21                     bank21       000000
__Lbank22                     bank22       000000
__Lbank23                     bank23       000000
__Lbank24                     bank24       000000
__Lbank25                     bank25       000000
__Lbank26                     bank26       000000
__Lbank27                     bank27       000000
__Lbank28                     bank28       000000
__Lbank29                     bank29       000000
__Lbank3                      bank3        000000
__Lbank30                     bank30       000000
__Lbank31                     bank31       000000
__Lbank4                      bank4        000000
__Lbank5                      bank5        000000
__Lbank6                      bank6        000000
__Lbank7                      bank7        000000
__Lbank8                      bank8        000000
__Lbank9                      bank9        000000
__Lbigbss                     bigbss       000000
__Lbigdata                    bigdata      000000
__Lbigram                     bigram       000000
__Lbigsfr                     bigsfr       000000
__Lbss                        bss          000000
__LbssCOMRAM                  bssCOMRAM    000000
__Lcinit                      cinit        000000
__Lclrtext                    clrtext      000000
__Lcomram                     comram       000000
__Lconfig                     config       000000
__Lconst                      const        000000
__LcstackCOMRAM               cstackCOMRAM 000000
__Ldata                       data         000000
__Leeprom_data                eeprom_data  000000
__Lfarbss                     farbss       000000
__Lfardata                    fardata      000000
__Lheap                       heap         000000
__Libigdata                   ibigdata     000000
__Lidata                      idata        000000
__Lidloc                      idloc        000000
__Lifardata                   ifardata     000000
__Linit                       init         0040AE
__Lintsave_regs               intsave_regs 000000
__Lirdata                     irdata       000000
__Livt0x4008                  ivt0x4008    004008
__Lmediumconst                mediumconst  000000
__LnvFARRAM                   nvFARRAM     000000
__Lnvbit                      nvbit        000000
__Lnvrram                     nvrram       000000
__Lparam                      rparam       000000
__Lpowerup                    powerup      000000
__Lram                        ram          000000
__Lramtop                     ramtop       002000
__Lrbit                       rbit         000000
__Lrbss                       rbss         000000
__Lrdata                      rdata        000000
__Lreset_vec                  reset_vec    000000
__Lrparam                     rparam       000000
__Lsfr                        sfr          000000
__Lsmallconst                 smallconst   002000
__Lspace_0                    (abs)        000000
__Lspace_1                    (abs)        000000
__Lspace_2                    (abs)        000000
__Lspace_4                    (abs)        000000
__Lstack                      stack        000000
__Lstruct                     struct       000000
__Ltemp                       temp         000000
__Ltext                       text         000000
__Ltext0                      text0        000000
__Ltext1                      text1        000000
__Ltext2                      text2        000000
__Ltext3                      text3        000000
__Ltext4                      text4        000000
__Ltext5                      text5        000000
__S0                          (abs)        004162
__S1                          (abs)        000006
__S4                          (abs)        000000
__S5                          (abs)        000000
___heap_hi                    (abs)        000000
___heap_lo                    (abs)        000000
___inthi_sp                   stack        000000
___inthi_stack_hi             stack        000000
___inthi_stack_lo             stack        000000
___intlo_sp                   stack        000000
___intlo_stack_hi             stack        000000
___intlo_stack_lo             stack        000000
___param_bank                 (abs)        000000
___rparam_used                (abs)        000001
___sp                         stack        000000
___stack_hi                   stack        000000
___stack_lo                   stack        000000
__accesstop                   (abs)        000060
__activetblptr                (abs)        000002
__end_of_DEFAULT_ISR          text5        004162
__end_of_INTERRUPT_Initialize text3        00412E
__end_of_TMR0_ISR             text4        00415C
__end_of_TMR0_Initialize      text2        004146
__end_of_TMR0_StartTimer      text1        004160
__end_of__initialization      cinit        004108
__end_of_main                 text0        0040F4
__initialization              cinit        0040F4
__mediumconst                 mediumconst  000000
__pbssCOMRAM                  bssCOMRAM    000001
__pcinit                      cinit        0040F4
__pcstackCOMRAM               cstackCOMRAM 000005
__pivt0x4008                  ivt0x4008    004008
__psmallconst                 smallconst   002000
__ptext0                      text0        0040B2
__ptext1                      text1        00415C
__ptext2                      text2        00412E
__ptext3                      text3        004112
__ptext4                      text4        004148
__ptext5                      text5        004160
__ramtop                      ramtop       002000
__smallconst                  smallconst   002000
_checkTimerValue              bssCOMRAM    000004
_main                         text0        0040B2
end_of_initialization         cinit        004108
intlevel0                     text         000000
intlevel1                     text         000000
intlevel2                     text         000000
intlevel3                     text         000000
isa$std                       (abs)        000001
isa$xinst                     (abs)        000000
ivt0x4008_base                ivt0x4008    004008
ivt0x4008_undefint            ivt0x4008    0040AC
stackhi                       (abs)        000000
stacklo                       (abs)        000000
start                         init         0040AE
start_initialization          cinit        0040F4


MODULE INFORMATION

Module		Function		Class		Link	Load	Size
shared
		__initialization		CODE           	40F4	0000	20

shared estimated size: 20

MAIN.c
		_main          		CODE           	40B2	0000	66
		_INTERRUPT_Initialize		CODE           	4112	0000	28
		_DEFAULT_ISR   		CODE           	4160	0000	2
		_TMR0_StartTimer		CODE           	415C	0000	4
		_TMR0_ISR      		CODE           	4148	0000	20
		_TMR0_Initialize		CODE           	412E	0000	24

MAIN.c estimated size: 144

