Microchip MPLAB XC8 Compiler V2.46

Linker command line:

-W-3 \
  --edf=C:\Program Files\Microchip\xc8\v2.46\pic\dat\20240104201356_en.msgs \
  -cn -h+dist/default/debug\LAB9.debug.sym \
  --cmf=dist/default/debug\LAB9.debug.cmf -z -Q18F47K42 \
  -oC:\Users\James\AppData\Local\Temp\xcAs1vg.\driver_tmp_3.o \
  --defsym=__MPLAB_BUILD=1 --fixupoverflow=error \
  -Mdist/default/debug/LAB9.debug.map \
  --md=C:\Users\James\AppData\Local\Temp\xcAs1vg.\driver_tmp_0.dat -E1 \
  -ver=XC8 Compiler --acfsm=1493 -ACODE=00h-01FFFFh -ACONST=00h-01FFFFh \
  -ASMALLCONST=02000h-020FFhx480 \
  -AMEDIUMCONST=02000h-0FFFFh,012000h-01FFFFh -ACOMRAM=01h-05Fh \
  -AABS1=00h-01FFFh -ABIGRAM=01h-01FFFh -ARAM=060h-0FFh,0100h-01FFhx31 \
  -ABANK0=060h-0FFh -ABANK1=0100h-01FFh -ABANK2=0200h-02FFh \
  -ABANK3=0300h-03FFh -ABANK4=0400h-04FFh -ABANK5=0500h-05FFh \
  -ABANK6=0600h-06FFh -ABANK7=0700h-07FFh -ABANK8=0800h-08FFh \
  -ABANK9=0900h-09FFh -ABANK10=0A00h-0AFFh -ABANK11=0B00h-0BFFh \
  -ABANK12=0C00h-0CFFh -ABANK13=0D00h-0DFFh -ABANK14=0E00h-0EFFh \
  -ABANK15=0F00h-0FFFh -ABANK16=01000h-010FFh -ABANK17=01100h-011FFh \
  -ABANK18=01200h-012FFh -ABANK19=01300h-013FFh -ABANK20=01400h-014FFh \
  -ABANK21=01500h-015FFh -ABANK22=01600h-016FFh -ABANK23=01700h-017FFh \
  -ABANK24=01800h-018FFh -ABANK25=01900h-019FFh -ABANK26=01A00h-01AFFh \
  -ABANK27=01B00h-01BFFh -ABANK28=01C00h-01CFFh -ABANK29=01D00h-01DFFh \
  -ABANK30=01E00h-01EFFh -ABANK31=01F00h-01FFFh \
  -ASFR=03800h-038FFhx7,03F00h-03F5Fh,03F60h-03FFFh -ABIGSFR=03800h-03FFFh \
  -ACONFIG=0300000h-0300009h -AIDLOC=0200000h-020000Fh \
  -AEEDATA=0310000h-03103FFh -peeprom_data=EEDATA -preset_vec=00h \
  -ppowerup=CODE,init -pramtop=02000h -psmallconst=SMALLCONST \
  -pmediumconst=MEDIUMCONST -pconst=CONST -AFARRAM=00h-00h \
  -prdata=COMRAM,nvrram=COMRAM,nvbit=COMRAM,rbss=COMRAM,rbit=COMRAM \
  -pfarbss=FARRAM,fardata=FARRAM,nvFARRAM=FARRAM \
  -pintsave_regs=BIGRAM,bigbss=BIGRAM,bigdata=BIGRAM -pbss=RAM \
  -pidata=CODE,irdata=CODE,ibigdata=CODE,ifardata=CODE -prparam=COMRAM \
  C:\Users\James\AppData\Local\Temp\xcAs1vg.\driver_tmp_9.o \
  dist/default/debug\LAB9.debug.o 

Object code version is 3.11

Machine type is 18F47K42



                Name                               Link     Load   Length Selector   Space Scale
C:\Users\James\AppData\Local\Temp\xcAs1vg.\driver_tmp_9.o
                init                              1FFFC    1FFFC        4     FFFE       0
                reset_vec                             0        0        4        0       0
dist/default/debug\LAB9.debug.o
                smallconst                         2000     2000        2     1000       0
                text1                              20EC     20EC       2C     1001       0
                text0                              204C     204C       3C     1001       0
                cstackCOMRAM                         33       33        3        1       1
                cstackBANK0                          60       60       64       60       1
                dataBANK0                            C4       C4       32       60       1
                dataCOMRAM                            1        1       32        1       1
                cinit                              2002     2002       4A     1001       0
                idataBANK0                         20BA     20BA       32     1001       0
                idataCOMRAM                        2088     2088       32     1001       0

TOTAL           Name                               Link     Load   Length     Space
        CLASS   CODE           
                init                              1FFFC    1FFFC        4         0
                reset_vec                             0        0        4         0
                text1                              20EC     20EC       2C         0
                text0                              204C     204C       3C         0
                cinit                              2002     2002       4A         0
                idataBANK0                         20BA     20BA       32         0
                idataCOMRAM                        2088     2088       32         0

        CLASS   CONST          

        CLASS   SMALLCONST     
                smallconst                         2000     2000        2         0

        CLASS   MEDIUMCONST    

        CLASS   COMRAM         
                cstackCOMRAM                         33       33        3         1
                dataCOMRAM                            1        1       32         1

        CLASS   ABS1           

        CLASS   BIGRAM         

        CLASS   RAM            

        CLASS   BANK0          
                cstackBANK0                          60       60       64         1
                dataBANK0                            C4       C4       32         1

        CLASS   BANK1          

        CLASS   BANK2          

        CLASS   BANK3          

        CLASS   BANK4          

        CLASS   BANK5          

        CLASS   BANK6          

        CLASS   BANK7          

        CLASS   BANK8          

        CLASS   BANK9          

        CLASS   BANK10         

        CLASS   BANK11         

        CLASS   BANK12         

        CLASS   BANK13         

        CLASS   BANK14         

        CLASS   BANK15         

        CLASS   BANK16         

        CLASS   BANK17         

        CLASS   BANK18         

        CLASS   BANK19         

        CLASS   BANK20         

        CLASS   BANK21         

        CLASS   BANK22         

        CLASS   BANK23         

        CLASS   BANK24         

        CLASS   BANK25         

        CLASS   BANK26         

        CLASS   BANK27         

        CLASS   BANK28         

        CLASS   BANK29         

        CLASS   BANK30         

        CLASS   BANK31         

        CLASS   SFR            

        CLASS   BIGSFR         

        CLASS   CONFIG         

        CLASS   IDLOC          

        CLASS   EEDATA         

        CLASS   FARRAM         

        CLASS   HEAP           

        CLASS   STACK          



SEGMENTS        Name                           Load    Length   Top    Selector   Space  Class

                reset_vec                      000000  000004  000004         0       0  CODE    
                dataCOMRAM                     000001  000035  000036         1       1  COMRAM  
                cstackBANK0                    000060  000096  0000F6        60       1  BANK0   
                smallconst                     002000  000002  002002      1000       0  SMALLCON
                cinit                          002002  000116  002118      1001       0  CODE    
                init                           01FFFC  000004  020000      FFFE       0  CODE    


UNUSED ADDRESS RANGES

        Name                Unused          Largest block    Delta
        BANK0            000F6-000FF               A
        BANK1            00100-001FF             100
        BANK10           00A00-00AFF             100
        BANK11           00B00-00BFF             100
        BANK12           00C00-00CFF             100
        BANK13           00D00-00DFF             100
        BANK14           00E00-00EFF             100
        BANK15           00F00-00FFF             100
        BANK16           01000-010FF             100
        BANK17           01100-011FF             100
        BANK18           01200-012FF             100
        BANK19           01300-013FF             100
        BANK2            00200-002FF             100
        BANK20           01400-014FF             100
        BANK21           01500-015FF             100
        BANK22           01600-016FF             100
        BANK23           01700-017FF             100
        BANK24           01800-018FF             100
        BANK25           01900-019FF             100
        BANK26           01A00-01AFF             100
        BANK27           01B00-01BFF             100
        BANK28           01C00-01CFF             100
        BANK29           01D00-01DFF             100
        BANK3            00300-003FF             100
        BANK30           01E00-01EFF             100
        BANK31           01F00-01FFF             100
        BANK4            00400-004FF             100
        BANK5            00500-005FF             100
        BANK6            00600-006FF             100
        BANK7            00700-007FF             100
        BANK8            00800-008FF             100
        BANK9            00900-009FF             100
        BIGRAM           00036-0005F              2A
                         000F6-01FFF            1F0A
        BIGSFR           03800-03FFF             800
        CODE             00004-01FFF            1FFC
                         02118-1FFFB           1DEE4
        COMRAM           00036-0005F              2A
        CONFIG           300000-300009               A
        CONST            00004-01FFF            1FFC
                         02118-1FFFB           1DEE4
        EEDATA           310000-3103FF             400
        IDLOC            200000-20000F              10
        MEDIUMCONST      02118-0FFFF            DEE8
                         12000-1FFFB            DFFC
        RAM              000F6-01FFF             100
        SFR              03800-03FFF             100
        SMALLCONST       02118-1FFFB             100

                                  Symbol Table

_LATB                    (abs)        03FBB
__HRAM                   (abs)        00000
__H__absolute__          __absolute__ 00000
__Habs1                  abs1         00000
__Hbank0                 bank0        00000
__Hbank1                 bank1        00000
__Hbank10                bank10       00000
__Hbank11                bank11       00000
__Hbank12                bank12       00000
__Hbank13                bank13       00000
__Hbank14                bank14       00000
__Hbank15                bank15       00000
__Hbank16                bank16       00000
__Hbank17                bank17       00000
__Hbank18                bank18       00000
__Hbank19                bank19       00000
__Hbank2                 bank2        00000
__Hbank20                bank20       00000
__Hbank21                bank21       00000
__Hbank22                bank22       00000
__Hbank23                bank23       00000
__Hbank24                bank24       00000
__Hbank25                bank25       00000
__Hbank26                bank26       00000
__Hbank27                bank27       00000
__Hbank28                bank28       00000
__Hbank29                bank29       00000
__Hbank3                 bank3        00000
__Hbank30                bank30       00000
__Hbank31                bank31       00000
__Hbank4                 bank4        00000
__Hbank5                 bank5        00000
__Hbank6                 bank6        00000
__Hbank7                 bank7        00000
__Hbank8                 bank8        00000
__Hbank9                 bank9        00000
__Hbigbss                bigbss       00000
__Hbigdata               bigdata      00000
__Hbigram                bigram       00000
__Hbigsfr                bigsfr       00000
__Hbss                   bss          00000
__Hcinit                 cinit        00000
__Hclrtext               clrtext      00000
__Hcomram                comram       00000
__Hconfig                config       00000
__Hconst                 const        00000
__HcstackBANK0           cstackBANK0  00000
__HcstackCOMRAM          cstackCOMRAM 00000
__Hdata                  data         00000
__HdataBANK0             dataBANK0    00000
__HdataCOMRAM            dataCOMRAM   00000
__Heeprom_data           eeprom_data  00000
__Hfarbss                farbss       00000
__Hfardata               fardata      00000
__Hheap                  heap         00000
__Hibigdata              ibigdata     00000
__Hidata                 idata        00000
__HidataBANK0            idataBANK0   00000
__HidataCOMRAM           idataCOMRAM  00000
__Hidloc                 idloc        00000
__Hifardata              ifardata     00000
__Hinit                  init         20000
__Hintsave_regs          intsave_regs 00000
__Hirdata                irdata       00000
__Hmediumconst           mediumconst  00000
__HnvFARRAM              nvFARRAM     00000
__Hnvbit                 nvbit        00000
__Hnvrram                nvrram       00000
__Hparam                 rparam       00000
__Hpowerup               powerup      00000
__Hram                   ram          00000
__Hramtop                ramtop       02000
__Hrbit                  rbit         00000
__Hrbss                  rbss         00000
__Hrdata                 rdata        00000
__Hreset_vec             reset_vec    00004
__Hrparam                rparam       00000
__Hsfr                   sfr          00000
__Hsmallconst            smallconst   02002
__Hspace_0               (abs)        20000
__Hspace_1               (abs)        000F6
__Hspace_2               (abs)        00000
__Hspace_4               (abs)        00000
__Hstack                 stack        00000
__Hstruct                struct       00000
__Htemp                  temp         00000
__Htext                  text         00000
__Htext0                 text0        00000
__Htext1                 text1        00000
__LRAM                   (abs)        00001
__L__absolute__          __absolute__ 00000
__Labs1                  abs1         00000
__Lbank0                 bank0        00000
__Lbank1                 bank1        00000
__Lbank10                bank10       00000
__Lbank11                bank11       00000
__Lbank12                bank12       00000
__Lbank13                bank13       00000
__Lbank14                bank14       00000
__Lbank15                bank15       00000
__Lbank16                bank16       00000
__Lbank17                bank17       00000
__Lbank18                bank18       00000
__Lbank19                bank19       00000
__Lbank2                 bank2        00000
__Lbank20                bank20       00000
__Lbank21                bank21       00000
__Lbank22                bank22       00000
__Lbank23                bank23       00000
__Lbank24                bank24       00000
__Lbank25                bank25       00000
__Lbank26                bank26       00000
__Lbank27                bank27       00000
__Lbank28                bank28       00000
__Lbank29                bank29       00000
__Lbank3                 bank3        00000
__Lbank30                bank30       00000
__Lbank31                bank31       00000
__Lbank4                 bank4        00000
__Lbank5                 bank5        00000
__Lbank6                 bank6        00000
__Lbank7                 bank7        00000
__Lbank8                 bank8        00000
__Lbank9                 bank9        00000
__Lbigbss                bigbss       00000
__Lbigdata               bigdata      00000
__Lbigram                bigram       00000
__Lbigsfr                bigsfr       00000
__Lbss                   bss          00000
__Lcinit                 cinit        00000
__Lclrtext               clrtext      00000
__Lcomram                comram       00000
__Lconfig                config       00000
__Lconst                 const        00000
__LcstackBANK0           cstackBANK0  00000
__LcstackCOMRAM          cstackCOMRAM 00000
__Ldata                  data         00000
__LdataBANK0             dataBANK0    00000
__LdataCOMRAM            dataCOMRAM   00000
__Leeprom_data           eeprom_data  00000
__Lfarbss                farbss       00000
__Lfardata               fardata      00000
__Lheap                  heap         00000
__Libigdata              ibigdata     00000
__Lidata                 idata        00000
__LidataBANK0            idataBANK0   00000
__LidataCOMRAM           idataCOMRAM  00000
__Lidloc                 idloc        00000
__Lifardata              ifardata     00000
__Linit                  init         1FFFC
__Lintsave_regs          intsave_regs 00000
__Lirdata                irdata       00000
__Lmediumconst           mediumconst  00000
__LnvFARRAM              nvFARRAM     00000
__Lnvbit                 nvbit        00000
__Lnvrram                nvrram       00000
__Lparam                 rparam       00000
__Lpowerup               powerup      00000
__Lram                   ram          00000
__Lramtop                ramtop       02000
__Lrbit                  rbit         00000
__Lrbss                  rbss         00000
__Lrdata                 rdata        00000
__Lreset_vec             reset_vec    00000
__Lrparam                rparam       00000
__Lsfr                   sfr          00000
__Lsmallconst            smallconst   02000
__Lspace_0               (abs)        00000
__Lspace_1               (abs)        00000
__Lspace_2               (abs)        00000
__Lspace_4               (abs)        00000
__Lstack                 stack        00000
__Lstruct                struct       00000
__Ltemp                  temp         00000
__Ltext                  text         00000
__Ltext0                 text0        00000
__Ltext1                 text1        00000
__S0                     (abs)        20000
__S1                     (abs)        000F6
__S4                     (abs)        00000
__S5                     (abs)        00000
___heap_hi               (abs)        00000
___heap_lo               (abs)        00000
___inthi_sp              stack        00000
___inthi_stack_hi        stack        00000
___inthi_stack_lo        stack        00000
___intlo_sp              stack        00000
___intlo_stack_hi        stack        00000
___intlo_stack_lo        stack        00000
___param_bank            (abs)        00000
___rparam_used           (abs)        00001
___sp                    stack        00000
___stack_hi              stack        00000
___stack_lo              stack        00000
__accesstop              (abs)        00060
__activetblptr           (abs)        00000
__end_of__initialization cinit        02046
__end_of_main            text0        02088
__end_of_strcpy          text1        02118
__initialization         cinit        02002
__mediumconst            mediumconst  00000
__pcinit                 cinit        02002
__pcstackBANK0           cstackBANK0  00060
__pcstackCOMRAM          cstackCOMRAM 00033
__pdataBANK0             dataBANK0    000C4
__pdataCOMRAM            dataCOMRAM   00001
__pidataBANK0            idataBANK0   020BA
__pidataCOMRAM           idataCOMRAM  02088
__psmallconst            smallconst   02000
__ptext0                 text0        0204C
__ptext1                 text1        020EC
__ramtop                 ramtop       02000
__smallconst             smallconst   02000
_main                    text0        0204C
_strcpy                  text1        020EC
end_of_initialization    cinit        02046
intlevel0                text         00000
intlevel1                text         00000
intlevel2                text         00000
intlevel3                text         00000
isa$std                  (abs)        00001
isa$xinst                (abs)        00000
main@F16509              dataBANK0    000C4
main@F16511              dataCOMRAM   00001
main@buf1                cstackBANK0  00092
main@buf2                cstackBANK0  00060
stackhi                  (abs)        00000
stacklo                  (abs)        00000
start                    init         1FFFC
start_initialization     cinit        02002
strcpy@d                 cstackCOMRAM 00035
strcpy@dest              cstackCOMRAM 00033
strcpy@src               cstackCOMRAM 00034


MODULE INFORMATION

Module		Function		Class		Link	Load	Size
C:\Program Files\Microchip\xc8\v2.46\pic\sources\c99\common\strcpy.c
		_strcpy        		CODE           	20EC	0000	44

C:\Program Files\Microchip\xc8\v2.46\pic\sources\c99\common\strcpy.c estimated size: 44

shared
		__initialization		CODE           	2002	0000	68

shared estimated size: 68

main.c
		_main          		CODE           	204C	0000	60

main.c estimated size: 60

